Archive member included to satisfy reference by file (symbol)

C:/ST/STM32CubeIDE_1.18.1/STM32CubeIDE/plugins/com.st.stm32cube.ide.mcu.externaltools.gnu-tools-for-stm32.13.3.rel1.win32_1.0.0.202411081344/tools/bin/../lib/gcc/arm-none-eabi/13.3.1/../../../../arm-none-eabi/lib/thumb/v7e-m+fp/hard\libc_nano.a(libc_a-exit.o)
                              C:/ST/STM32CubeIDE_1.18.1/STM32CubeIDE/plugins/com.st.stm32cube.ide.mcu.externaltools.gnu-tools-for-stm32.13.3.rel1.win32_1.0.0.202411081344/tools/bin/../lib/gcc/arm-none-eabi/13.3.1/../../../../arm-none-eabi/lib/thumb/v7e-m+fp/hard/crt0.o (exit)
C:/ST/STM32CubeIDE_1.18.1/STM32CubeIDE/plugins/com.st.stm32cube.ide.mcu.externaltools.gnu-tools-for-stm32.13.3.rel1.win32_1.0.0.202411081344/tools/bin/../lib/gcc/arm-none-eabi/13.3.1/../../../../arm-none-eabi/lib/thumb/v7e-m+fp/hard\libc_nano.a(libc_a-itoa.o)
                              ./Core/Src/Si468x.o (itoa)
C:/ST/STM32CubeIDE_1.18.1/STM32CubeIDE/plugins/com.st.stm32cube.ide.mcu.externaltools.gnu-tools-for-stm32.13.3.rel1.win32_1.0.0.202411081344/tools/bin/../lib/gcc/arm-none-eabi/13.3.1/../../../../arm-none-eabi/lib/thumb/v7e-m+fp/hard\libc_nano.a(libc_a-utoa.o)
                              C:/ST/STM32CubeIDE_1.18.1/STM32CubeIDE/plugins/com.st.stm32cube.ide.mcu.externaltools.gnu-tools-for-stm32.13.3.rel1.win32_1.0.0.202411081344/tools/bin/../lib/gcc/arm-none-eabi/13.3.1/../../../../arm-none-eabi/lib/thumb/v7e-m+fp/hard\libc_nano.a(libc_a-itoa.o) (__utoa)
C:/ST/STM32CubeIDE_1.18.1/STM32CubeIDE/plugins/com.st.stm32cube.ide.mcu.externaltools.gnu-tools-for-stm32.13.3.rel1.win32_1.0.0.202411081344/tools/bin/../lib/gcc/arm-none-eabi/13.3.1/../../../../arm-none-eabi/lib/thumb/v7e-m+fp/hard\libc_nano.a(libc_a-findfp.o)
                              C:/ST/STM32CubeIDE_1.18.1/STM32CubeIDE/plugins/com.st.stm32cube.ide.mcu.externaltools.gnu-tools-for-stm32.13.3.rel1.win32_1.0.0.202411081344/tools/bin/../lib/gcc/arm-none-eabi/13.3.1/../../../../arm-none-eabi/lib/thumb/v7e-m+fp/hard\libc_nano.a(libc_a-exit.o) (__stdio_exit_handler)
C:/ST/STM32CubeIDE_1.18.1/STM32CubeIDE/plugins/com.st.stm32cube.ide.mcu.externaltools.gnu-tools-for-stm32.13.3.rel1.win32_1.0.0.202411081344/tools/bin/../lib/gcc/arm-none-eabi/13.3.1/../../../../arm-none-eabi/lib/thumb/v7e-m+fp/hard\libc_nano.a(libc_a-fwalk.o)
                              C:/ST/STM32CubeIDE_1.18.1/STM32CubeIDE/plugins/com.st.stm32cube.ide.mcu.externaltools.gnu-tools-for-stm32.13.3.rel1.win32_1.0.0.202411081344/tools/bin/../lib/gcc/arm-none-eabi/13.3.1/../../../../arm-none-eabi/lib/thumb/v7e-m+fp/hard\libc_nano.a(libc_a-findfp.o) (_fwalk_sglue)
C:/ST/STM32CubeIDE_1.18.1/STM32CubeIDE/plugins/com.st.stm32cube.ide.mcu.externaltools.gnu-tools-for-stm32.13.3.rel1.win32_1.0.0.202411081344/tools/bin/../lib/gcc/arm-none-eabi/13.3.1/../../../../arm-none-eabi/lib/thumb/v7e-m+fp/hard\libc_nano.a(libc_a-stdio.o)
                              C:/ST/STM32CubeIDE_1.18.1/STM32CubeIDE/plugins/com.st.stm32cube.ide.mcu.externaltools.gnu-tools-for-stm32.13.3.rel1.win32_1.0.0.202411081344/tools/bin/../lib/gcc/arm-none-eabi/13.3.1/../../../../arm-none-eabi/lib/thumb/v7e-m+fp/hard\libc_nano.a(libc_a-findfp.o) (__sread)
C:/ST/STM32CubeIDE_1.18.1/STM32CubeIDE/plugins/com.st.stm32cube.ide.mcu.externaltools.gnu-tools-for-stm32.13.3.rel1.win32_1.0.0.202411081344/tools/bin/../lib/gcc/arm-none-eabi/13.3.1/../../../../arm-none-eabi/lib/thumb/v7e-m+fp/hard\libc_nano.a(libc_a-memset.o)
                              C:/ST/STM32CubeIDE_1.18.1/STM32CubeIDE/plugins/com.st.stm32cube.ide.mcu.externaltools.gnu-tools-for-stm32.13.3.rel1.win32_1.0.0.202411081344/tools/bin/../lib/gcc/arm-none-eabi/13.3.1/../../../../arm-none-eabi/lib/thumb/v7e-m+fp/hard/crt0.o (memset)
C:/ST/STM32CubeIDE_1.18.1/STM32CubeIDE/plugins/com.st.stm32cube.ide.mcu.externaltools.gnu-tools-for-stm32.13.3.rel1.win32_1.0.0.202411081344/tools/bin/../lib/gcc/arm-none-eabi/13.3.1/../../../../arm-none-eabi/lib/thumb/v7e-m+fp/hard\libc_nano.a(libc_a-closer.o)
                              C:/ST/STM32CubeIDE_1.18.1/STM32CubeIDE/plugins/com.st.stm32cube.ide.mcu.externaltools.gnu-tools-for-stm32.13.3.rel1.win32_1.0.0.202411081344/tools/bin/../lib/gcc/arm-none-eabi/13.3.1/../../../../arm-none-eabi/lib/thumb/v7e-m+fp/hard\libc_nano.a(libc_a-stdio.o) (_close_r)
C:/ST/STM32CubeIDE_1.18.1/STM32CubeIDE/plugins/com.st.stm32cube.ide.mcu.externaltools.gnu-tools-for-stm32.13.3.rel1.win32_1.0.0.202411081344/tools/bin/../lib/gcc/arm-none-eabi/13.3.1/../../../../arm-none-eabi/lib/thumb/v7e-m+fp/hard\libc_nano.a(libc_a-reent.o)
                              C:/ST/STM32CubeIDE_1.18.1/STM32CubeIDE/plugins/com.st.stm32cube.ide.mcu.externaltools.gnu-tools-for-stm32.13.3.rel1.win32_1.0.0.202411081344/tools/bin/../lib/gcc/arm-none-eabi/13.3.1/../../../../arm-none-eabi/lib/thumb/v7e-m+fp/hard\libc_nano.a(libc_a-closer.o) (errno)
[...]
Memory Configuration

Name             Origin             Length             Attributes
CCMRAM           0x10000000         0x00010000         xrw
RAM              0x20000000         0x00020000         xrw
FLASH            0x08000000         0x00100000         xr
*default*        0x00000000         0xffffffff

Linker script and memory map

LOAD C:/ST/STM32CubeIDE_1.18.1/STM32CubeIDE/plugins/com.st.stm32cube.ide.mcu.externaltools.gnu-tools-for-stm32.13.3.rel1.win32_1.0.0.202411081344/tools/bin/../lib/gcc/arm-none-eabi/13.3.1/thumb/v7e-m+fp/hard/crti.o
LOAD C:/ST/STM32CubeIDE_1.18.1/STM32CubeIDE/plugins/com.st.stm32cube.ide.mcu.externaltools.gnu-tools-for-stm32.13.3.rel1.win32_1.0.0.202411081344/tools/bin/../lib/gcc/arm-none-eabi/13.3.1/thumb/v7e-m+fp/hard/crtbegin.o
LOAD C:/ST/STM32CubeIDE_1.18.1/STM32CubeIDE/plugins/com.st.stm32cube.ide.mcu.externaltools.gnu-tools-for-stm32.13.3.rel1.win32_1.0.0.202411081344/tools/bin/../lib/gcc/arm-none-eabi/13.3.1/../../../../arm-none-eabi/lib/thumb/v7e-m+fp/hard/crt0.o
LOAD ./Core/Src/ILI9341_Driver.o
LOAD ./Core/Src/Si468x.o
LOAD ./Core/Src/debug_uart.o
LOAD ./Core/Src/display_management.o
LOAD ./Core/Src/dma.o
LOAD ./Core/Src/eeprom.o
LOAD ./Core/Src/gpio.o
LOAD ./Core/Src/i2c.o
LOAD ./Core/Src/leds.o
LOAD ./Core/Src/main.o
LOAD ./Core/Src/spi.o
LOAD ./Core/Src/state_machine.o
LOAD ./Core/Src/stm32f4xx_hal_msp.o
LOAD ./Core/Src/stm32f4xx_it.o
LOAD ./Core/Src/syscalls.o
LOAD ./Core/Src/sysmem.o
LOAD ./Core/Src/system_stm32f4xx.o
LOAD ./Core/Src/tim.o
LOAD ./Core/Src/touch.o
LOAD ./Core/Src/usart.o
LOAD ./Core/Startup/startup_stm32f407vgtx.o
LOAD ./Drivers/STM32F4xx_HAL_Driver/Src/stm32f4xx_hal.o
LOAD ./Drivers/STM32F4xx_HAL_Driver/Src/stm32f4xx_hal_cortex.o
LOAD ./Drivers/STM32F4xx_HAL_Driver/Src/stm32f4xx_hal_dma.o
LOAD ./Drivers/STM32F4xx_HAL_Driver/Src/stm32f4xx_hal_dma_ex.o
LOAD ./Drivers/STM32F4xx_HAL_Driver/Src/stm32f4xx_hal_exti.o
LOAD ./Drivers/STM32F4xx_HAL_Driver/Src/stm32f4xx_hal_flash.o
LOAD ./Drivers/STM32F4xx_HAL_Driver/Src/stm32f4xx_hal_flash_ex.o
LOAD ./Drivers/STM32F4xx_HAL_Driver/Src/stm32f4xx_hal_flash_ramfunc.o
LOAD ./Drivers/STM32F4xx_HAL_Driver/Src/stm32f4xx_hal_gpio.o
LOAD ./Drivers/STM32F4xx_HAL_Driver/Src/stm32f4xx_hal_i2c.o
LOAD ./Drivers/STM32F4xx_HAL_Driver/Src/stm32f4xx_hal_i2c_ex.o
LOAD ./Drivers/STM32F4xx_HAL_Driver/Src/stm32f4xx_hal_pwr.o
LOAD ./Drivers/STM32F4xx_HAL_Driver/Src/stm32f4xx_hal_pwr_ex.o
LOAD ./Drivers/STM32F4xx_HAL_Driver/Src/stm32f4xx_hal_rcc.o
LOAD ./Drivers/STM32F4xx_HAL_Driver/Src/stm32f4xx_hal_rcc_ex.o
LOAD ./Drivers/STM32F4xx_HAL_Driver/Src/stm32f4xx_hal_spi.o
LOAD ./Drivers/STM32F4xx_HAL_Driver/Src/stm32f4xx_hal_tim.o
LOAD ./Drivers/STM32F4xx_HAL_Driver/Src/stm32f4xx_hal_tim_ex.o
LOAD ./Drivers/STM32F4xx_HAL_Driver/Src/stm32f4xx_hal_uart.o
START GROUP
LOAD C:/ST/STM32CubeIDE_1.18.1/STM32CubeIDE/plugins/com.st.stm32cube.ide.mcu.externaltools.gnu-tools-for-stm32.13.3.rel1.win32_1.0.0.202411081344/tools/bin/../lib/gcc/arm-none-eabi/13.3.1/../../../../arm-none-eabi/lib/thumb/v7e-m+fp/hard\libc_nano.a
LOAD C:/ST/STM32CubeIDE_1.18.1/STM32CubeIDE/plugins/com.st.stm32cube.ide.mcu.externaltools.gnu-tools-for-stm32.13.3.rel1.win32_1.0.0.202411081344/tools/bin/../lib/gcc/arm-none-eabi/13.3.1/../../../../arm-none-eabi/lib/thumb/v7e-m+fp/hard\libm.a
END GROUP
START GROUP
LOAD C:/ST/STM32CubeIDE_1.18.1/STM32CubeIDE/plugins/com.st.stm32cube.ide.mcu.externaltools.gnu-tools-for-stm32.13.3.rel1.win32_1.0.0.202411081344/tools/bin/../lib/gcc/arm-none-eabi/13.3.1/thumb/v7e-m+fp/hard\libgcc.a
LOAD C:/ST/STM32CubeIDE_1.18.1/STM32CubeIDE/plugins/com.st.stm32cube.ide.mcu.externaltools.gnu-tools-for-stm32.13.3.rel1.win32_1.0.0.202411081344/tools/bin/../lib/gcc/arm-none-eabi/13.3.1/../../../../arm-none-eabi/lib/thumb/v7e-m+fp/hard\libc_nano.a
END GROUP
START GROUP
LOAD C:/ST/STM32CubeIDE_1.18.1/STM32CubeIDE/plugins/com.st.stm32cube.ide.mcu.externaltools.gnu-tools-for-stm32.13.3.rel1.win32_1.0.0.202411081344/tools/bin/../lib/gcc/arm-none-eabi/13.3.1/thumb/v7e-m+fp/hard\libgcc.a
LOAD C:/ST/STM32CubeIDE_1.18.1/STM32CubeIDE/plugins/com.st.stm32cube.ide.mcu.externaltools.gnu-tools-for-stm32.13.3.rel1.win32_1.0.0.202411081344/tools/bin/../lib/gcc/arm-none-eabi/13.3.1/../../../../arm-none-eabi/lib/thumb/v7e-m+fp/hard\libc_nano.a
LOAD C:/ST/STM32CubeIDE_1.18.1/STM32CubeIDE/plugins/com.st.stm32cube.ide.mcu.externaltools.gnu-tools-for-stm32.13.3.rel1.win32_1.0.0.202411081344/tools/bin/../lib/gcc/arm-none-eabi/13.3.1/../../../../arm-none-eabi/lib/thumb/v7e-m+fp/hard\libnosys.a
END GROUP
START GROUP
LOAD C:/ST/STM32CubeIDE_1.18.1/STM32CubeIDE/plugins/com.st.stm32cube.ide.mcu.externaltools.gnu-tools-for-stm32.13.3.rel1.win32_1.0.0.202411081344/tools/bin/../lib/gcc/arm-none-eabi/13.3.1/thumb/v7e-m+fp/hard\libgcc.a
LOAD C:/ST/STM32CubeIDE_1.18.1/STM32CubeIDE/plugins/com.st.stm32cube.ide.mcu.externaltools.gnu-tools-for-stm32.13.3.rel1.win32_1.0.0.202411081344/tools/bin/../lib/gcc/arm-none-eabi/13.3.1/../../../../arm-none-eabi/lib/thumb/v7e-m+fp/hard\libc_nano.a
LOAD C:/ST/STM32CubeIDE_1.18.1/STM32CubeIDE/plugins/com.st.stm32cube.ide.mcu.externaltools.gnu-tools-for-stm32.13.3.rel1.win32_1.0.0.202411081344/tools/bin/../lib/gcc/arm-none-eabi/13.3.1/../../../../arm-none-eabi/lib/thumb/v7e-m+fp/hard\libnosys.a
END GROUP
LOAD C:/ST/STM32CubeIDE_1.18.1/STM32CubeIDE/plugins/com.st.stm32cube.ide.mcu.externaltools.gnu-tools-for-stm32.13.3.rel1.win32_1.0.0.202411081344/tools/bin/../lib/gcc/arm-none-eabi/13.3.1/thumb/v7e-m+fp/hard/crtend.o
LOAD C:/ST/STM32CubeIDE_1.18.1/STM32CubeIDE/plugins/com.st.stm32cube.ide.mcu.externaltools.gnu-tools-for-stm32.13.3.rel1.win32_1.0.0.202411081344/tools/bin/../lib/gcc/arm-none-eabi/13.3.1/thumb/v7e-m+fp/hard/crtn.o
                0x20020000                        _estack = (ORIGIN (RAM) + LENGTH (RAM))
                0x00000200                        _Min_Heap_Size = 0x200
                0x00000400                        _Min_Stack_Size = 0x400

.isr_vector     0x08000000      0x188
                0x08000000                        . = ALIGN (0x4)
 *(.isr_vector)
 .isr_vector    0x08000000      0x188 ./Core/Startup/startup_stm32f407vgtx.o
                0x08000000                g_pfnVectors
                0x08000188                        . = ALIGN (0x4)

.text           0x08000188     0xd378
                0x08000188                        . = ALIGN (0x4)
 *(.text)
 .text          0x08000188       0x40 C:/ST/STM32CubeIDE_1.18.1/STM32CubeIDE/plugins/com.st.stm32cube.ide.mcu.externaltools.gnu-tools-for-stm32.13.3.rel1.win32_1.0.0.202411081344/tools/bin/../lib/gcc/arm-none-eabi/13.3.1/thumb/v7e-m+fp/hard/crtbegin.o
 .text          0x080001c8       0x14 C:/ST/STM32CubeIDE_1.18.1/STM32CubeIDE/plugins/com.st.stm32cube.ide.mcu.externaltools.gnu-tools-for-stm32.13.3.rel1.win32_1.0.0.202411081344/tools/bin/../lib/gcc/arm-none-eabi/13.3.1/../../../../arm-none-eabi/lib/thumb/v7e-m+fp/hard\libc_nano.a(libc_a-strcmp.o)
                0x080001c8                strcmp
 .text          0x080001dc       0x10 C:/ST/STM32CubeIDE_1.18.1/STM32CubeIDE/plugins/com.st.stm32cube.ide.mcu.externaltools.gnu-tools-for-stm32.13.3.rel1.win32_1.0.0.202411081344/tools/bin/../lib/gcc/arm-none-eabi/13.3.1/../../../../arm-none-eabi/lib/thumb/v7e-m+fp/hard\libc_nano.a(libc_a-strlen.o)
                0x080001dc                strlen
 .text          0x080001ec       0x30 C:/ST/STM32CubeIDE_1.18.1/STM32CubeIDE/plugins/com.st.stm32cube.ide.mcu.externaltools.gnu-tools-for-stm32.13.3.rel1.win32_1.0.0.202411081344/tools/bin/../lib/gcc/arm-none-eabi/13.3.1/thumb/v7e-m+fp/hard\libgcc.a(_aeabi_uldivmod.o)
                0x080001ec                __aeabi_uldivmod
 .text          0x0800021c      0x2f8 C:/ST/STM32CubeIDE_1.18.1/STM32CubeIDE/plugins/com.st.stm32cube.ide.mcu.externaltools.gnu-tools-for-stm32.13.3.rel1.win32_1.0.0.202411081344/tools/bin/../lib/gcc/arm-none-eabi/13.3.1/thumb/v7e-m+fp/hard\libgcc.a(_udivmoddi4.o)
                0x0800021c                __udivmoddi4
 .text          0x08000514        0x4 C:/ST/STM32CubeIDE_1.18.1/STM32CubeIDE/plugins/com.st.stm32cube.ide.mcu.externaltools.gnu-tools-for-stm32.13.3.rel1.win32_1.0.0.202411081344/tools/bin/../lib/gcc/arm-none-eabi/13.3.1/thumb/v7e-m+fp/hard\libgcc.a(_dvmd_tls.o)
                0x08000514                __aeabi_idiv0
                0x08000514                __aeabi_ldiv0
 *(.text*)
 .text.ILI9341_Init
                0x08000518      0x20a ./Core/Src/ILI9341_Driver.o
                0x08000518                ILI9341_Init
 *fill*         0x08000722        0x2 
 .text.ILI9341_SPI_Send
                0x08000724       0x24 ./Core/Src/ILI9341_Driver.o
                0x08000724                ILI9341_SPI_Send
 .text.ILI9341_Reset
                0x08000748       0x50 ./Core/Src/ILI9341_Driver.o
                0x08000748                ILI9341_Reset
 .text.ILI9341_Set_Rotation
                0x08000798       0x94 ./Core/Src/ILI9341_Driver.o
                0x08000798                ILI9341_Set_Rotation
 .text.ILI9341_SPI_Send_32
                0x0800082c       0x74 ./Core/Src/ILI9341_Driver.o
                0x0800082c                ILI9341_SPI_Send_32
 .text.ILI9341_Set_Address
                0x080008a0       0x4a ./Core/Src/ILI9341_Driver.o
                0x080008a0                ILI9341_Set_Address
 *fill*         0x080008ea        0x2 
 .text.ILI9341_Fill_Screen
                0x080008ec       0x48 ./Core/Src/ILI9341_Driver.o
                0x080008ec                ILI9341_Fill_Screen
 .text.ILI9341_Draw_Pixel
                0x08000934       0x8c ./Core/Src/ILI9341_Driver.o
                0x08000934                ILI9341_Draw_Pixel
 .text.ILI9341_Draw_Filled_Rectangle
                0x080009c0       0x42 ./Core/Src/ILI9341_Driver.o
                0x080009c0                ILI9341_Draw_Filled_Rectangle
 .text.ILI9341_Draw_Line
                0x08000a02      0x102 ./Core/Src/ILI9341_Driver.o
                0x08000a02                ILI9341_Draw_Line
 .text.ILI9341_Draw_String
                0x08000b04      0x150 ./Core/Src/ILI9341_Driver.o
                0x08000b04                ILI9341_Draw_String
 .text.ILI9341_Send_Command
                0x08000c54       0x1e ./Core/Src/ILI9341_Driver.o
 .text.ILI9341_Send_Data
                0x08000c72       0x1e ./Core/Src/ILI9341_Driver.o
 .text.ILI9341_Send_Burst
                0x08000c90      0x184 ./Core/Src/ILI9341_Driver.o
 .text.ILI9341_Draw_Char
                0x08000e14      0x23c ./Core/Src/ILI9341_Driver.o
 .text.Before_Sending_Data
                0x08001050       0x24 ./Core/Src/ILI9341_Driver.o
 .text.Before_Sending_Command
                0x08001074       0x24 ./Core/Src/ILI9341_Driver.o
 .text.Si468x_dab_init
                0x08001098       0xac ./Core/Src/Si468x.o
                0x08001098                Si468x_dab_init
 .text.Si468x_reset
                0x08001144       0x38 ./Core/Src/Si468x.o
                0x08001144                Si468x_reset
 .text.Si468x_power_up
                0x0800117c       0xb4 ./Core/Src/Si468x.o
                0x0800117c                Si468x_power_up
 .text.Si468x_load_init
                0x08001230       0x54 ./Core/Src/Si468x.o
                0x08001230                Si468x_load_init
 .text.Si468x_bootloader_load_host
                0x08001284       0xe8 ./Core/Src/Si468x.o
                0x08001284                Si468x_bootloader_load_host
 .text.Si468x_firmware_load_flash
                0x0800136c      0x140 ./Core/Src/Si468x.o
                0x0800136c                Si468x_firmware_load_flash
 .text.Si468x_boot
                0x080014ac       0x78 ./Core/Src/Si468x.o
                0x080014ac                Si468x_boot
 .text.Si468x_write_single_byte
                0x08001524       0x24 ./Core/Src/Si468x.o
                0x08001524                Si468x_write_single_byte
 .text.Si468x_read_single_byte
                0x08001548       0x24 ./Core/Src/Si468x.o
                0x08001548                Si468x_read_single_byte
 .text.Si468x_wait_for_CTS
                0x0800156c       0x7c ./Core/Src/Si468x.o
                0x0800156c                Si468x_wait_for_CTS
 .text.Si468x_write_multiple
                0x080015e8       0x50 ./Core/Src/Si468x.o
                0x080015e8                Si468x_write_multiple
 .text.Si468x_read_multiple
                0x08001638       0x68 ./Core/Src/Si468x.o
                0x08001638                Si468x_read_multiple
 .text.Si468x_write_command
                0x080016a0       0x44 ./Core/Src/Si468x.o
                0x080016a0                Si468x_write_command
 .text.Si468x_read_reply
                0x080016e4       0x30 ./Core/Src/Si468x.o
                0x080016e4                Si468x_read_reply
 .text.Si468x_get_sys_state
                0x08001714      0x10c ./Core/Src/Si468x.o
                0x08001714                Si468x_get_sys_state
 .text.Si468x_get_part_info
                0x08001820       0xdc ./Core/Src/Si468x.o
                0x08001820                Si468x_get_part_info
 .text.Si468x_set_property
                0x080018fc      0x100 ./Core/Src/Si468x.o
                0x080018fc                Si468x_set_property
 .text.Si468x_get_property
                0x080019fc       0xd4 ./Core/Src/Si468x.o
                0x080019fc                Si468x_get_property
 .text.Si468x_dab_tune_freq
                0x08001ad0      0x1b0 ./Core/Src/Si468x.o
                0x08001ad0                Si468x_dab_tune_freq
 .text.Si468x_dab_digrad_status
                0x08001c80       0xb0 ./Core/Src/Si468x.o
                0x08001c80                Si468x_dab_digrad_status
 .text.Si468x_dab_get_digital_service_list
                0x08001d30      0x564 ./Core/Src/Si468x.o
                0x08001d30                Si468x_dab_get_digital_service_list
 .text.Si468x_dab_start_digital_service
                0x08002294       0xe0 ./Core/Src/Si468x.o
                0x08002294                Si468x_dab_start_digital_service
 .text.Si468x_dab_get_ensemble_info
                0x08002374      0x160 ./Core/Src/Si468x.o
                0x08002374                Si468x_dab_get_ensemble_info
 .text.Si468x_dab_full_scan
                0x080024d4      0x5cc ./Core/Src/Si468x.o
                0x080024d4                Si468x_dab_full_scan
 .text.Si468x_dab_get_audio_info
                0x08002aa0      0x170 ./Core/Src/Si468x.o
                0x08002aa0                Si468x_dab_get_audio_info
 .text.Si468x_dab_get_event_status
                0x08002c10       0x60 ./Core/Src/Si468x.o
                0x08002c10                Si468x_dab_get_event_status
 .text.Si468x_dab_get_component_info
                0x08002c70      0x158 ./Core/Src/Si468x.o
                0x08002c70                Si468x_dab_get_component_info
 .text.Si468x_dab_get_digital_service_data
                0x08002dc8      0x2f0 ./Core/Src/Si468x.o
                0x08002dc8                Si468x_dab_get_digital_service_data
 .text.Si468x_dab_get_time
                0x080030b8       0x8c ./Core/Src/Si468x.o
                0x080030b8                Si468x_dab_get_time
 .text.Si468x_set_audio_volume
                0x08003144       0x68 ./Core/Src/Si468x.o
                0x08003144                Si468x_set_audio_volume
 .text.play_station
                0x080031ac      0x12c ./Core/Src/Si468x.o
                0x080031ac                play_station
 .text.restore_from_eeprom
                0x080032d8      0x6e4 ./Core/Src/Si468x.o
                0x080032d8                restore_from_eeprom
 .text.get_dab_service_list
                0x080039bc       0x14 ./Core/Src/Si468x.o
                0x080039bc                get_dab_service_list
 .text.get_dab_ensemble_list
                0x080039d0       0x14 ./Core/Src/Si468x.o
                0x080039d0                get_dab_ensemble_list
 .text.get_dab_management
                0x080039e4       0x24 ./Core/Src/Si468x.o
                0x080039e4                get_dab_management
 .text.get_dls_label
                0x08003a08       0x14 ./Core/Src/Si468x.o
                0x08003a08                get_dls_label
 .text.send_debug_msg
                0x08003a1c       0x4c ./Core/Src/debug_uart.o
                0x08003a1c                send_debug_msg
 .text.Display_clear_screen
                0x08003a68       0x26 ./Core/Src/display_management.o
                0x08003a68                Display_clear_screen
 *fill*         0x08003a8e        0x2 
 .text.Display_booting_screen
                0x08003a90       0xe4 ./Core/Src/display_management.o
                0x08003a90                Display_booting_screen
 .text.Display_main_screen_background
                0x08003b74      0x11c ./Core/Src/display_management.o
                0x08003b74                Display_main_screen_background
 .text.Display_main_screen_data
                0x08003c90      0x274 ./Core/Src/display_management.o
                0x08003c90                Display_main_screen_data
 .text.Display_main_screen_dls
                0x08003f04       0x78 ./Core/Src/display_management.o
                0x08003f04                Display_main_screen_dls
 .text.Display_main_screen_empty
                0x08003f7c       0xcc ./Core/Src/display_management.o
                0x08003f7c                Display_main_screen_empty
 .text.Display_stations_list_background
                0x08004048      0x188 ./Core/Src/display_management.o
                0x08004048                Display_stations_list_background
 .text.Display_stations_list_data
                0x080041d0      0x334 ./Core/Src/display_management.o
                0x080041d0                Display_stations_list_data
 .text.Display_scanning_screen_background
                0x08004504      0x1c8 ./Core/Src/display_management.o
                0x08004504                Display_scanning_screen_background
 .text.Display_scanning_screen_data
                0x080046cc      0x1d0 ./Core/Src/display_management.o
                0x080046cc                Display_scanning_screen_data
 .text.Display_scanning_screen_complete
                0x0800489c       0x6c ./Core/Src/display_management.o
                0x0800489c                Display_scanning_screen_complete
 .text.Display_dab_digrad_status_background
                0x08004908      0x330 ./Core/Src/display_management.o
                0x08004908                Display_dab_digrad_status_background
 .text.Display_dab_digrad_status_data
                0x08004c38      0x6d4 ./Core/Src/display_management.o
                0x08004c38                Display_dab_digrad_status_data
 .text.Display_settings_screen_background
                0x0800530c      0x1f0 ./Core/Src/display_management.o
                0x0800530c                Display_settings_screen_background
 .text.Display_settings_screen_data
                0x080054fc       0x88 ./Core/Src/display_management.o
                0x080054fc                Display_settings_screen_data
 .text.Display_time
                0x08005584      0x114 ./Core/Src/display_management.o
                0x08005584                Display_time
 .text.MX_DMA_Init
                0x08005698       0x40 ./Core/Src/dma.o
                0x08005698                MX_DMA_Init
 .text.eeprom_wait
                0x080056d8       0x20 ./Core/Src/eeprom.o
                0x080056d8                eeprom_wait
 .text.eeprom_read
                0x080056f8       0x3c ./Core/Src/eeprom.o
                0x080056f8                eeprom_read
 .text.eeprom_write
                0x08005734       0x50 ./Core/Src/eeprom.o
                0x08005734                eeprom_write
 .text.eeprom_clear_scanning_data
                0x08005784       0xc8 ./Core/Src/eeprom.o
                0x08005784                eeprom_clear_scanning_data
 .text.eeprom_save_scanning_data
                0x0800584c       0xf4 ./Core/Src/eeprom.o
                0x0800584c                eeprom_save_scanning_data
 .text.MX_GPIO_Init
                0x08005940      0x1e4 ./Core/Src/gpio.o
                0x08005940                MX_GPIO_Init
 .text.MX_I2C1_Init
                0x08005b24       0x5c ./Core/Src/i2c.o
                0x08005b24                MX_I2C1_Init
 .text.MX_I2C3_Init
                0x08005b80       0x5c ./Core/Src/i2c.o
                0x08005b80                MX_I2C3_Init
 .text.HAL_I2C_MspInit
                0x08005bdc      0x160 ./Core/Src/i2c.o
                0x08005bdc                HAL_I2C_MspInit
 .text.main     0x08005d3c       0x64 ./Core/Src/main.o
                0x08005d3c                main
 .text.SystemClock_Config
                0x08005da0       0xd4 ./Core/Src/main.o
                0x08005da0                SystemClock_Config
 .text.Error_Handler
                0x08005e74        0xc ./Core/Src/main.o
                0x08005e74                Error_Handler
 .text.MX_SPI1_Init
                0x08005e80       0x6c ./Core/Src/spi.o
                0x08005e80                MX_SPI1_Init
 .text.MX_SPI2_Init
                0x08005eec       0x6c ./Core/Src/spi.o
                0x08005eec                MX_SPI2_Init
 .text.HAL_SPI_MspInit
                0x08005f58      0x170 ./Core/Src/spi.o
                0x08005f58                HAL_SPI_MspInit
 .text.state_machine
                0x080060c8      0x850 ./Core/Src/state_machine.o
                0x080060c8                state_machine
 .text.HAL_MspInit
                0x08006918       0x50 ./Core/Src/stm32f4xx_hal_msp.o
                0x08006918                HAL_MspInit
 .text.NMI_Handler
                0x08006968        0x8 ./Core/Src/stm32f4xx_it.o
                0x08006968                NMI_Handler
 .text.HardFault_Handler
                0x08006970        0x8 ./Core/Src/stm32f4xx_it.o
                0x08006970                HardFault_Handler
 .text.MemManage_Handler
                0x08006978        0x8 ./Core/Src/stm32f4xx_it.o
                0x08006978                MemManage_Handler
 .text.BusFault_Handler
                0x08006980        0x8 ./Core/Src/stm32f4xx_it.o
                0x08006980                BusFault_Handler
 .text.UsageFault_Handler
                0x08006988        0x8 ./Core/Src/stm32f4xx_it.o
                0x08006988                UsageFault_Handler
 .text.SVC_Handler
                0x08006990        0xe ./Core/Src/stm32f4xx_it.o
                0x08006990                SVC_Handler
 .text.DebugMon_Handler
                0x0800699e        0xe ./Core/Src/stm32f4xx_it.o
                0x0800699e                DebugMon_Handler
 .text.PendSV_Handler
                0x080069ac        0xe ./Core/Src/stm32f4xx_it.o
                0x080069ac                PendSV_Handler
 .text.SysTick_Handler
                0x080069ba        0xc ./Core/Src/stm32f4xx_it.o
                0x080069ba                SysTick_Handler
 *fill*         0x080069c6        0x2 
 .text.DMA1_Stream4_IRQHandler
                0x080069c8       0x14 ./Core/Src/stm32f4xx_it.o
                0x080069c8                DMA1_Stream4_IRQHandler
 .text.TIM1_UP_TIM10_IRQHandler
                0x080069dc       0x14 ./Core/Src/stm32f4xx_it.o
                0x080069dc                TIM1_UP_TIM10_IRQHandler
 .text.TIM1_TRG_COM_TIM11_IRQHandler
                0x080069f0       0x14 ./Core/Src/stm32f4xx_it.o
                0x080069f0                TIM1_TRG_COM_TIM11_IRQHandler
 .text.SPI2_IRQHandler
                0x08006a04       0x14 ./Core/Src/stm32f4xx_it.o
                0x08006a04                SPI2_IRQHandler
 .text.I2C3_EV_IRQHandler
                0x08006a18       0x14 ./Core/Src/stm32f4xx_it.o
                0x08006a18                I2C3_EV_IRQHandler
 .text.I2C3_ER_IRQHandler
                0x08006a2c       0x14 ./Core/Src/stm32f4xx_it.o
                0x08006a2c                I2C3_ER_IRQHandler
 .text.HAL_TIM_PeriodElapsedCallback
                0x08006a40       0x14 ./Core/Src/stm32f4xx_it.o
                0x08006a40                HAL_TIM_PeriodElapsedCallback
 .text.SystemInit
                0x08006a54       0x24 ./Core/Src/system_stm32f4xx.o
                0x08006a54                SystemInit
 .text.MX_TIM3_Init
                0x08006a78       0xb4 ./Core/Src/tim.o
                0x08006a78                MX_TIM3_Init
 .text.MX_TIM10_Init
                0x08006b2c       0x48 ./Core/Src/tim.o
                0x08006b2c                MX_TIM10_Init
 .text.MX_TIM11_Init
                0x08006b74       0x48 ./Core/Src/tim.o
                0x08006b74                MX_TIM11_Init
 .text.HAL_TIM_PWM_MspInit
                0x08006bbc       0x44 ./Core/Src/tim.o
                0x08006bbc                HAL_TIM_PWM_MspInit
 .text.HAL_TIM_Base_MspInit
                0x08006c00       0x8c ./Core/Src/tim.o
                0x08006c00                HAL_TIM_Base_MspInit
 .text.HAL_TIM_MspPostInit
                0x08006c8c       0x74 ./Core/Src/tim.o
                0x08006c8c                HAL_TIM_MspPostInit
 .text.Touch_read
                0x08006d00       0xac ./Core/Src/touch.o
                0x08006d00                Touch_read
 .text.TP_Write_Byte
                0x08006dac       0x6c ./Core/Src/touch.o
                0x08006dac                TP_Write_Byte
 .text.TP_Read_AD
                0x08006e18       0xd0 ./Core/Src/touch.o
                0x08006e18                TP_Read_AD
 .text.TP_Read_XOY
                0x08006ee8       0x1c ./Core/Src/touch.o
                0x08006ee8                TP_Read_XOY
 .text.TP_Read_XY
                0x08006f04       0x44 ./Core/Src/touch.o
                0x08006f04                TP_Read_XY
 .text.TP_Read_XY2
                0x08006f48       0xc4 ./Core/Src/touch.o
                0x08006f48                TP_Read_XY2
 .text.TP_Scan  0x0800700c      0x11c ./Core/Src/touch.o
                0x0800700c                TP_Scan
 .text.MX_UART5_Init
                0x08007128       0x54 ./Core/Src/usart.o
                0x08007128                MX_UART5_Init
 .text.MX_USART3_UART_Init
                0x0800717c       0x54 ./Core/Src/usart.o
                0x0800717c                MX_USART3_UART_Init
 .text.HAL_UART_MspInit
                0x080071d0      0x140 ./Core/Src/usart.o
                0x080071d0                HAL_UART_MspInit
 .text.Reset_Handler
                0x08007310       0x50 ./Core/Startup/startup_stm32f407vgtx.o
                0x08007310                Reset_Handler
 .text.Default_Handler
                0x08007360        0x2 ./Core/Startup/startup_stm32f407vgtx.o
                0x08007360                RTC_Alarm_IRQHandler
                0x08007360                HASH_RNG_IRQHandler
                0x08007360                EXTI2_IRQHandler
                0x08007360                TIM8_CC_IRQHandler
                0x08007360                TIM1_CC_IRQHandler
                0x08007360                DMA2_Stream5_IRQHandler
                0x08007360                DMA1_Stream5_IRQHandler
                0x08007360                PVD_IRQHandler
                0x08007360                SDIO_IRQHandler
                0x08007360                TAMP_STAMP_IRQHandler
                0x08007360                CAN2_RX1_IRQHandler
                0x08007360                EXTI3_IRQHandler
                0x08007360                TIM8_TRG_COM_TIM14_IRQHandler
                0x08007360                TIM8_UP_TIM13_IRQHandler
                0x08007360                EXTI0_IRQHandler
                0x08007360                I2C2_EV_IRQHandler
                0x08007360                DMA1_Stream2_IRQHandler
                0x08007360                CAN1_RX0_IRQHandler
                0x08007360                FPU_IRQHandler
                0x08007360                OTG_HS_WKUP_IRQHandler
                0x08007360                CAN2_SCE_IRQHandler
                0x08007360                DMA2_Stream2_IRQHandler
                0x08007360                SPI1_IRQHandler
                0x08007360                TIM6_DAC_IRQHandler
                0x08007360                TIM1_BRK_TIM9_IRQHandler
                0x08007360                DCMI_IRQHandler
                0x08007360                CAN2_RX0_IRQHandler
                0x08007360                DMA2_Stream3_IRQHandler
                0x08007360                USART6_IRQHandler
                0x08007360                USART3_IRQHandler
                0x08007360                CAN1_RX1_IRQHandler
                0x08007360                UART5_IRQHandler
                0x08007360                DMA2_Stream0_IRQHandler
                0x08007360                TIM4_IRQHandler
                0x08007360                I2C1_EV_IRQHandler
                0x08007360                DMA1_Stream6_IRQHandler
                0x08007360                DMA1_Stream1_IRQHandler
                0x08007360                UART4_IRQHandler
                0x08007360                TIM3_IRQHandler
                0x08007360                RCC_IRQHandler
                0x08007360                TIM8_BRK_TIM12_IRQHandler
                0x08007360                Default_Handler
                0x08007360                EXTI15_10_IRQHandler
                0x08007360                ADC_IRQHandler
                0x08007360                DMA1_Stream7_IRQHandler
                0x08007360                TIM7_IRQHandler
                0x08007360                CAN2_TX_IRQHandler
                0x08007360                TIM5_IRQHandler
                0x08007360                DMA2_Stream7_IRQHandler
                0x08007360                EXTI9_5_IRQHandler
                0x08007360                RTC_WKUP_IRQHandler
                0x08007360                ETH_WKUP_IRQHandler
                0x08007360                OTG_HS_EP1_IN_IRQHandler
                0x08007360                DMA1_Stream0_IRQHandler
                0x08007360                CAN1_TX_IRQHandler
                0x08007360                EXTI4_IRQHandler
                0x08007360                FSMC_IRQHandler
                0x08007360                ETH_IRQHandler
                0x08007360                OTG_HS_EP1_OUT_IRQHandler
                0x08007360                WWDG_IRQHandler
                0x08007360                TIM2_IRQHandler
                0x08007360                OTG_FS_WKUP_IRQHandler
                0x08007360                OTG_HS_IRQHandler
                0x08007360                EXTI1_IRQHandler
                0x08007360                USART2_IRQHandler
                0x08007360                I2C2_ER_IRQHandler
                0x08007360                DMA2_Stream1_IRQHandler
                0x08007360                CAN1_SCE_IRQHandler
                0x08007360                FLASH_IRQHandler
                0x08007360                DMA2_Stream4_IRQHandler
                0x08007360                USART1_IRQHandler
                0x08007360                OTG_FS_IRQHandler
                0x08007360                SPI3_IRQHandler
                0x08007360                I2C1_ER_IRQHandler
                0x08007360                DMA2_Stream6_IRQHandler
                0x08007360                DMA1_Stream3_IRQHandler
 *fill*         0x08007362        0x2 
 .text.HAL_Init
                0x08007364       0x44 ./Drivers/STM32F4xx_HAL_Driver/Src/stm32f4xx_hal.o
                0x08007364                HAL_Init
 .text.HAL_InitTick
                0x080073a8       0x60 ./Drivers/STM32F4xx_HAL_Driver/Src/stm32f4xx_hal.o
                0x080073a8                HAL_InitTick
 .text.HAL_IncTick
                0x08007408       0x28 ./Drivers/STM32F4xx_HAL_Driver/Src/stm32f4xx_hal.o
                0x08007408                HAL_IncTick
 .text.HAL_GetTick
                0x08007430       0x18 ./Drivers/STM32F4xx_HAL_Driver/Src/stm32f4xx_hal.o
                0x08007430                HAL_GetTick
 .text.HAL_Delay
                0x08007448       0x48 ./Drivers/STM32F4xx_HAL_Driver/Src/stm32f4xx_hal.o
                0x08007448                HAL_Delay
 .text.__NVIC_SetPriorityGrouping
                0x08007490       0x48 ./Drivers/STM32F4xx_HAL_Driver/Src/stm32f4xx_hal_cortex.o
 .text.__NVIC_GetPriorityGrouping
                0x080074d8       0x1c ./Drivers/STM32F4xx_HAL_Driver/Src/stm32f4xx_hal_cortex.o
 .text.__NVIC_EnableIRQ
                0x080074f4       0x3c ./Drivers/STM32F4xx_HAL_Driver/Src/stm32f4xx_hal_cortex.o
 .text.__NVIC_SetPriority
                0x08007530       0x54 ./Drivers/STM32F4xx_HAL_Driver/Src/stm32f4xx_hal_cortex.o
 .text.NVIC_EncodePriority
                0x08007584       0x66 ./Drivers/STM32F4xx_HAL_Driver/Src/stm32f4xx_hal_cortex.o
 *fill*         0x080075ea        0x2 
 .text.SysTick_Config
                0x080075ec       0x44 ./Drivers/STM32F4xx_HAL_Driver/Src/stm32f4xx_hal_cortex.o
 .text.HAL_NVIC_SetPriorityGrouping
                0x08007630       0x16 ./Drivers/STM32F4xx_HAL_Driver/Src/stm32f4xx_hal_cortex.o
                0x08007630                HAL_NVIC_SetPriorityGrouping
 .text.HAL_NVIC_SetPriority
                0x08007646       0x38 ./Drivers/STM32F4xx_HAL_Driver/Src/stm32f4xx_hal_cortex.o
                0x08007646                HAL_NVIC_SetPriority
 .text.HAL_NVIC_EnableIRQ
                0x0800767e       0x1c ./Drivers/STM32F4xx_HAL_Driver/Src/stm32f4xx_hal_cortex.o
                0x0800767e                HAL_NVIC_EnableIRQ
 .text.HAL_SYSTICK_Config
                0x0800769a       0x18 ./Drivers/STM32F4xx_HAL_Driver/Src/stm32f4xx_hal_cortex.o
                0x0800769a                HAL_SYSTICK_Config
 *fill*         0x080076b2        0x2 
 .text.HAL_DMA_Init
                0x080076b4      0x15c ./Drivers/STM32F4xx_HAL_Driver/Src/stm32f4xx_hal_dma.o
                0x080076b4                HAL_DMA_Init
 .text.HAL_DMA_Abort_IT
                0x08007810       0x44 ./Drivers/STM32F4xx_HAL_Driver/Src/stm32f4xx_hal_dma.o
                0x08007810                HAL_DMA_Abort_IT
 .text.HAL_DMA_IRQHandler
                0x08007854      0x314 ./Drivers/STM32F4xx_HAL_Driver/Src/stm32f4xx_hal_dma.o
                0x08007854                HAL_DMA_IRQHandler
 .text.HAL_DMA_GetState
                0x08007b68       0x1c ./Drivers/STM32F4xx_HAL_Driver/Src/stm32f4xx_hal_dma.o
                0x08007b68                HAL_DMA_GetState
 .text.DMA_CalcBaseAndBitshift
                0x08007b84       0x6c ./Drivers/STM32F4xx_HAL_Driver/Src/stm32f4xx_hal_dma.o
 .text.DMA_CheckFifoParam
                0x08007bf0       0xf8 ./Drivers/STM32F4xx_HAL_Driver/Src/stm32f4xx_hal_dma.o
 .text.HAL_GPIO_Init
                0x08007ce8      0x338 ./Drivers/STM32F4xx_HAL_Driver/Src/stm32f4xx_hal_gpio.o
                0x08007ce8                HAL_GPIO_Init
 .text.HAL_GPIO_ReadPin
                0x08008020       0x30 ./Drivers/STM32F4xx_HAL_Driver/Src/stm32f4xx_hal_gpio.o
                0x08008020                HAL_GPIO_ReadPin
 .text.HAL_GPIO_WritePin
                0x08008050       0x32 ./Drivers/STM32F4xx_HAL_Driver/Src/stm32f4xx_hal_gpio.o
                0x08008050                HAL_GPIO_WritePin
 *fill*         0x08008082        0x2 
 .text.HAL_I2C_Init
                0x08008084      0x288 ./Drivers/STM32F4xx_HAL_Driver/Src/stm32f4xx_hal_i2c.o
                0x08008084                HAL_I2C_Init
 .text.HAL_I2C_Mem_Write
                0x0800830c      0x1f4 ./Drivers/STM32F4xx_HAL_Driver/Src/stm32f4xx_hal_i2c.o
                0x0800830c                HAL_I2C_Mem_Write
 .text.HAL_I2C_Mem_Read
                0x08008500      0x44c ./Drivers/STM32F4xx_HAL_Driver/Src/stm32f4xx_hal_i2c.o
                0x08008500                HAL_I2C_Mem_Read
 .text.HAL_I2C_EV_IRQHandler
                0x0800894c      0x2e2 ./Drivers/STM32F4xx_HAL_Driver/Src/stm32f4xx_hal_i2c.o
                0x0800894c                HAL_I2C_EV_IRQHandler
 .text.HAL_I2C_ER_IRQHandler
                0x08008c2e      0x14e ./Drivers/STM32F4xx_HAL_Driver/Src/stm32f4xx_hal_i2c.o
                0x08008c2e                HAL_I2C_ER_IRQHandler
 .text.HAL_I2C_MasterTxCpltCallback
                0x08008d7c       0x14 ./Drivers/STM32F4xx_HAL_Driver/Src/stm32f4xx_hal_i2c.o
                0x08008d7c                HAL_I2C_MasterTxCpltCallback
 .text.HAL_I2C_MasterRxCpltCallback
                0x08008d90       0x14 ./Drivers/STM32F4xx_HAL_Driver/Src/stm32f4xx_hal_i2c.o
                0x08008d90                HAL_I2C_MasterRxCpltCallback
 .text.HAL_I2C_SlaveTxCpltCallback
                0x08008da4       0x14 ./Drivers/STM32F4xx_HAL_Driver/Src/stm32f4xx_hal_i2c.o
                0x08008da4                HAL_I2C_SlaveTxCpltCallback
 .text.HAL_I2C_SlaveRxCpltCallback
                0x08008db8       0x14 ./Drivers/STM32F4xx_HAL_Driver/Src/stm32f4xx_hal_i2c.o
                0x08008db8                HAL_I2C_SlaveRxCpltCallback
 .text.HAL_I2C_AddrCallback
                0x08008dcc       0x1c ./Drivers/STM32F4xx_HAL_Driver/Src/stm32f4xx_hal_i2c.o
                0x08008dcc                HAL_I2C_AddrCallback
 .text.HAL_I2C_ListenCpltCallback
                0x08008de8       0x14 ./Drivers/STM32F4xx_HAL_Driver/Src/stm32f4xx_hal_i2c.o
                0x08008de8                HAL_I2C_ListenCpltCallback
 .text.HAL_I2C_MemTxCpltCallback
                0x08008dfc       0x14 ./Drivers/STM32F4xx_HAL_Driver/Src/stm32f4xx_hal_i2c.o
                0x08008dfc                HAL_I2C_MemTxCpltCallback
 .text.HAL_I2C_MemRxCpltCallback
                0x08008e10       0x14 ./Drivers/STM32F4xx_HAL_Driver/Src/stm32f4xx_hal_i2c.o
                0x08008e10                HAL_I2C_MemRxCpltCallback
 .text.HAL_I2C_ErrorCallback
                0x08008e24       0x14 ./Drivers/STM32F4xx_HAL_Driver/Src/stm32f4xx_hal_i2c.o
                0x08008e24                HAL_I2C_ErrorCallback
 .text.HAL_I2C_AbortCpltCallback
                0x08008e38       0x14 ./Drivers/STM32F4xx_HAL_Driver/Src/stm32f4xx_hal_i2c.o
                0x08008e38                HAL_I2C_AbortCpltCallback
 .text.I2C_MasterTransmit_TXE
                0x08008e4c      0x138 ./Drivers/STM32F4xx_HAL_Driver/Src/stm32f4xx_hal_i2c.o
 .text.I2C_MasterTransmit_BTF
                0x08008f84       0xec ./Drivers/STM32F4xx_HAL_Driver/Src/stm32f4xx_hal_i2c.o
 .text.I2C_MemoryTransmit_TXE_BTF
                0x08009070      0x128 ./Drivers/STM32F4xx_HAL_Driver/Src/stm32f4xx_hal_i2c.o
 .text.I2C_MasterReceive_RXNE
                0x08009198      0x176 ./Drivers/STM32F4xx_HAL_Driver/Src/stm32f4xx_hal_i2c.o
 .text.I2C_MasterReceive_BTF
                0x0800930e      0x1d4 ./Drivers/STM32F4xx_HAL_Driver/Src/stm32f4xx_hal_i2c.o
 .text.I2C_Master_SB
                0x080094e2      0x10c ./Drivers/STM32F4xx_HAL_Driver/Src/stm32f4xx_hal_i2c.o
 .text.I2C_Master_ADD10
                0x080095ee       0x54 ./Drivers/STM32F4xx_HAL_Driver/Src/stm32f4xx_hal_i2c.o
 .text.I2C_Master_ADDR
                0x08009642      0x322 ./Drivers/STM32F4xx_HAL_Driver/Src/stm32f4xx_hal_i2c.o
 .text.I2C_SlaveTransmit_TXE
                0x08009964       0x7a ./Drivers/STM32F4xx_HAL_Driver/Src/stm32f4xx_hal_i2c.o
 .text.I2C_SlaveTransmit_BTF
                0x080099de       0x42 ./Drivers/STM32F4xx_HAL_Driver/Src/stm32f4xx_hal_i2c.o
 .text.I2C_SlaveReceive_RXNE
                0x08009a20       0x7c ./Drivers/STM32F4xx_HAL_Driver/Src/stm32f4xx_hal_i2c.o
 .text.I2C_SlaveReceive_BTF
                0x08009a9c       0x44 ./Drivers/STM32F4xx_HAL_Driver/Src/stm32f4xx_hal_i2c.o
 .text.I2C_Slave_ADDR
                0x08009ae0       0x94 ./Drivers/STM32F4xx_HAL_Driver/Src/stm32f4xx_hal_i2c.o
 .text.I2C_Slave_STOPF
                0x08009b74      0x260 ./Drivers/STM32F4xx_HAL_Driver/Src/stm32f4xx_hal_i2c.o
 .text.I2C_Slave_AF
                0x08009dd4       0xe0 ./Drivers/STM32F4xx_HAL_Driver/Src/stm32f4xx_hal_i2c.o
 .text.I2C_ITError
                0x08009eb4      0x264 ./Drivers/STM32F4xx_HAL_Driver/Src/stm32f4xx_hal_i2c.o
 .text.I2C_RequestMemoryWrite
                0x0800a118      0x12c ./Drivers/STM32F4xx_HAL_Driver/Src/stm32f4xx_hal_i2c.o
 .text.I2C_RequestMemoryRead
                0x0800a244      0x1d0 ./Drivers/STM32F4xx_HAL_Driver/Src/stm32f4xx_hal_i2c.o
 .text.I2C_DMAAbort
                0x0800a414      0x150 ./Drivers/STM32F4xx_HAL_Driver/Src/stm32f4xx_hal_i2c.o
 .text.I2C_WaitOnFlagUntilTimeout
                0x0800a564       0xae ./Drivers/STM32F4xx_HAL_Driver/Src/stm32f4xx_hal_i2c.o
 .text.I2C_WaitOnMasterAddressFlagUntilTimeout
                0x0800a612       0xfe ./Drivers/STM32F4xx_HAL_Driver/Src/stm32f4xx_hal_i2c.o
 .text.I2C_WaitOnTXEFlagUntilTimeout
                0x0800a710       0x82 ./Drivers/STM32F4xx_HAL_Driver/Src/stm32f4xx_hal_i2c.o
 .text.I2C_WaitOnBTFFlagUntilTimeout
                0x0800a792       0x82 ./Drivers/STM32F4xx_HAL_Driver/Src/stm32f4xx_hal_i2c.o
 .text.I2C_WaitOnSTOPRequestThroughIT
                0x0800a814       0x64 ./Drivers/STM32F4xx_HAL_Driver/Src/stm32f4xx_hal_i2c.o
 .text.I2C_WaitOnRXNEFlagUntilTimeout
                0x0800a878       0xac ./Drivers/STM32F4xx_HAL_Driver/Src/stm32f4xx_hal_i2c.o
 .text.I2C_IsAcknowledgeFailed
                0x0800a924       0x5e ./Drivers/STM32F4xx_HAL_Driver/Src/stm32f4xx_hal_i2c.o
 .text.I2C_ConvertOtherXferOptions
                0x0800a982       0x36 ./Drivers/STM32F4xx_HAL_Driver/Src/stm32f4xx_hal_i2c.o
 .text.HAL_RCC_OscConfig
                0x0800a9b8      0x4f0 ./Drivers/STM32F4xx_HAL_Driver/Src/stm32f4xx_hal_rcc.o
                0x0800a9b8                HAL_RCC_OscConfig
 .text.HAL_RCC_ClockConfig
                0x0800aea8      0x1cc ./Drivers/STM32F4xx_HAL_Driver/Src/stm32f4xx_hal_rcc.o
                0x0800aea8                HAL_RCC_ClockConfig
 .text.HAL_RCC_GetSysClockFreq
                0x0800b074      0x20c ./Drivers/STM32F4xx_HAL_Driver/Src/stm32f4xx_hal_rcc.o
                0x0800b074                HAL_RCC_GetSysClockFreq
 .text.HAL_RCC_GetHCLKFreq
                0x0800b280       0x18 ./Drivers/STM32F4xx_HAL_Driver/Src/stm32f4xx_hal_rcc.o
                0x0800b280                HAL_RCC_GetHCLKFreq
 .text.HAL_RCC_GetPCLK1Freq
                0x0800b298       0x28 ./Drivers/STM32F4xx_HAL_Driver/Src/stm32f4xx_hal_rcc.o
                0x0800b298                HAL_RCC_GetPCLK1Freq
 .text.HAL_RCC_GetPCLK2Freq
                0x0800b2c0       0x28 ./Drivers/STM32F4xx_HAL_Driver/Src/stm32f4xx_hal_rcc.o
                0x0800b2c0                HAL_RCC_GetPCLK2Freq
 .text.HAL_SPI_Init
                0x0800b2e8      0x112 ./Drivers/STM32F4xx_HAL_Driver/Src/stm32f4xx_hal_spi.o
                0x0800b2e8                HAL_SPI_Init
 .text.HAL_SPI_Transmit
                0x0800b3fa      0x278 ./Drivers/STM32F4xx_HAL_Driver/Src/stm32f4xx_hal_spi.o
                0x0800b3fa                HAL_SPI_Transmit
 .text.HAL_SPI_Receive
                0x0800b672      0x222 ./Drivers/STM32F4xx_HAL_Driver/Src/stm32f4xx_hal_spi.o
                0x0800b672                HAL_SPI_Receive
 .text.HAL_SPI_TransmitReceive
                0x0800b894      0x344 ./Drivers/STM32F4xx_HAL_Driver/Src/stm32f4xx_hal_spi.o
                0x0800b894                HAL_SPI_TransmitReceive
 .text.HAL_SPI_IRQHandler
                0x0800bbd8      0x200 ./Drivers/STM32F4xx_HAL_Driver/Src/stm32f4xx_hal_spi.o
                0x0800bbd8                HAL_SPI_IRQHandler
 .text.HAL_SPI_ErrorCallback
                0x0800bdd8       0x14 ./Drivers/STM32F4xx_HAL_Driver/Src/stm32f4xx_hal_spi.o
                0x0800bdd8                HAL_SPI_ErrorCallback
 .text.SPI_DMAAbortOnError
                0x0800bdec       0x28 ./Drivers/STM32F4xx_HAL_Driver/Src/stm32f4xx_hal_spi.o
 .text.SPI_WaitFlagStateUntilTimeout
                0x0800be14      0x110 ./Drivers/STM32F4xx_HAL_Driver/Src/stm32f4xx_hal_spi.o
 .text.SPI_EndRxTransaction
                0x0800bf24       0xca ./Drivers/STM32F4xx_HAL_Driver/Src/stm32f4xx_hal_spi.o
 *fill*         0x0800bfee        0x2 
 .text.SPI_EndRxTxTransaction
                0x0800bff0       0x84 ./Drivers/STM32F4xx_HAL_Driver/Src/stm32f4xx_hal_spi.o
 .text.HAL_TIM_Base_Init
                0x0800c074       0x9e ./Drivers/STM32F4xx_HAL_Driver/Src/stm32f4xx_hal_tim.o
                0x0800c074                HAL_TIM_Base_Init
 *fill*         0x0800c112        0x2 
 .text.HAL_TIM_Base_Start_IT
                0x0800c114       0xe0 ./Drivers/STM32F4xx_HAL_Driver/Src/stm32f4xx_hal_tim.o
                0x0800c114                HAL_TIM_Base_Start_IT
 .text.HAL_TIM_PWM_Init
                0x0800c1f4       0x9e ./Drivers/STM32F4xx_HAL_Driver/Src/stm32f4xx_hal_tim.o
                0x0800c1f4                HAL_TIM_PWM_Init
 .text.HAL_TIM_IRQHandler
                0x0800c292      0x210 ./Drivers/STM32F4xx_HAL_Driver/Src/stm32f4xx_hal_tim.o
                0x0800c292                HAL_TIM_IRQHandler
 *fill*         0x0800c4a2        0x2 
 .text.HAL_TIM_PWM_ConfigChannel
                0x0800c4a4      0x184 ./Drivers/STM32F4xx_HAL_Driver/Src/stm32f4xx_hal_tim.o
                0x0800c4a4                HAL_TIM_PWM_ConfigChannel
 .text.HAL_TIM_OC_DelayElapsedCallback
                0x0800c628       0x14 ./Drivers/STM32F4xx_HAL_Driver/Src/stm32f4xx_hal_tim.o
                0x0800c628                HAL_TIM_OC_DelayElapsedCallback
 .text.HAL_TIM_IC_CaptureCallback
                0x0800c63c       0x14 ./Drivers/STM32F4xx_HAL_Driver/Src/stm32f4xx_hal_tim.o
                0x0800c63c                HAL_TIM_IC_CaptureCallback
 .text.HAL_TIM_PWM_PulseFinishedCallback
                0x0800c650       0x14 ./Drivers/STM32F4xx_HAL_Driver/Src/stm32f4xx_hal_tim.o
                0x0800c650                HAL_TIM_PWM_PulseFinishedCallback
 .text.HAL_TIM_TriggerCallback
                0x0800c664       0x14 ./Drivers/STM32F4xx_HAL_Driver/Src/stm32f4xx_hal_tim.o
                0x0800c664                HAL_TIM_TriggerCallback
 .text.TIM_Base_SetConfig
                0x0800c678      0x140 ./Drivers/STM32F4xx_HAL_Driver/Src/stm32f4xx_hal_tim.o
                0x0800c678                TIM_Base_SetConfig
 .text.TIM_OC1_SetConfig
                0x0800c7b8       0xe0 ./Drivers/STM32F4xx_HAL_Driver/Src/stm32f4xx_hal_tim.o
 .text.TIM_OC2_SetConfig
                0x0800c898       0xec ./Drivers/STM32F4xx_HAL_Driver/Src/stm32f4xx_hal_tim.o
                0x0800c898                TIM_OC2_SetConfig
 .text.TIM_OC3_SetConfig
                0x0800c984       0xe8 ./Drivers/STM32F4xx_HAL_Driver/Src/stm32f4xx_hal_tim.o
 .text.TIM_OC4_SetConfig
                0x0800ca6c       0xac ./Drivers/STM32F4xx_HAL_Driver/Src/stm32f4xx_hal_tim.o
 .text.HAL_TIMEx_MasterConfigSynchronization
                0x0800cb18       0xf8 ./Drivers/STM32F4xx_HAL_Driver/Src/stm32f4xx_hal_tim_ex.o
                0x0800cb18                HAL_TIMEx_MasterConfigSynchronization
 .text.HAL_TIMEx_CommutCallback
                0x0800cc10       0x14 ./Drivers/STM32F4xx_HAL_Driver/Src/stm32f4xx_hal_tim_ex.o
                0x0800cc10                HAL_TIMEx_CommutCallback
 .text.HAL_TIMEx_BreakCallback
                0x0800cc24       0x14 ./Drivers/STM32F4xx_HAL_Driver/Src/stm32f4xx_hal_tim_ex.o
                0x0800cc24                HAL_TIMEx_BreakCallback
 .text.HAL_UART_Init
                0x0800cc38       0x9a ./Drivers/STM32F4xx_HAL_Driver/Src/stm32f4xx_hal_uart.o
                0x0800cc38                HAL_UART_Init
 .text.HAL_UART_Transmit
                0x0800ccd2      0x124 ./Drivers/STM32F4xx_HAL_Driver/Src/stm32f4xx_hal_uart.o
                0x0800ccd2                HAL_UART_Transmit
 .text.UART_WaitOnFlagUntilTimeout
                0x0800cdf6       0xdc ./Drivers/STM32F4xx_HAL_Driver/Src/stm32f4xx_hal_uart.o
 *fill*         0x0800ced2        0x2 
 .text.UART_SetConfig
                0x0800ced4      0x4e8 ./Drivers/STM32F4xx_HAL_Driver/Src/stm32f4xx_hal_uart.o
 .text.__itoa   0x0800d3bc       0x30 C:/ST/STM32CubeIDE_1.18.1/STM32CubeIDE/plugins/com.st.stm32cube.ide.mcu.externaltools.gnu-tools-for-stm32.13.3.rel1.win32_1.0.0.202411081344/tools/bin/../lib/gcc/arm-none-eabi/13.3.1/../../../../arm-none-eabi/lib/thumb/v7e-m+fp/hard\libc_nano.a(libc_a-itoa.o)
                0x0800d3bc                __itoa
 .text.itoa     0x0800d3ec        0x4 C:/ST/STM32CubeIDE_1.18.1/STM32CubeIDE/plugins/com.st.stm32cube.ide.mcu.externaltools.gnu-tools-for-stm32.13.3.rel1.win32_1.0.0.202411081344/tools/bin/../lib/gcc/arm-none-eabi/13.3.1/../../../../arm-none-eabi/lib/thumb/v7e-m+fp/hard\libc_nano.a(libc_a-itoa.o)
                0x0800d3ec                itoa
 .text.__utoa   0x0800d3f0       0x84 C:/ST/STM32CubeIDE_1.18.1/STM32CubeIDE/plugins/com.st.stm32cube.ide.mcu.externaltools.gnu-tools-for-stm32.13.3.rel1.win32_1.0.0.202411081344/tools/bin/../lib/gcc/arm-none-eabi/13.3.1/../../../../arm-none-eabi/lib/thumb/v7e-m+fp/hard\libc_nano.a(libc_a-utoa.o)
                0x0800d3f0                __utoa
 .text.memset   0x0800d474       0x10 C:/ST/STM32CubeIDE_1.18.1/STM32CubeIDE/plugins/com.st.stm32cube.ide.mcu.externaltools.gnu-tools-for-stm32.13.3.rel1.win32_1.0.0.202411081344/tools/bin/../lib/gcc/arm-none-eabi/13.3.1/../../../../arm-none-eabi/lib/thumb/v7e-m+fp/hard\libc_nano.a(libc_a-memset.o)
                0x0800d474                memset
 .text.__libc_init_array
                0x0800d484       0x48 C:/ST/STM32CubeIDE_1.18.1/STM32CubeIDE/plugins/com.st.stm32cube.ide.mcu.externaltools.gnu-tools-for-stm32.13.3.rel1.win32_1.0.0.202411081344/tools/bin/../lib/gcc/arm-none-eabi/13.3.1/../../../../arm-none-eabi/lib/thumb/v7e-m+fp/hard\libc_nano.a(libc_a-init.o)
                0x0800d484                __libc_init_array
 .text.memcpy   0x0800d4cc       0x1c C:/ST/STM32CubeIDE_1.18.1/STM32CubeIDE/plugins/com.st.stm32cube.ide.mcu.externaltools.gnu-tools-for-stm32.13.3.rel1.win32_1.0.0.202411081344/tools/bin/../lib/gcc/arm-none-eabi/13.3.1/../../../../arm-none-eabi/lib/thumb/v7e-m+fp/hard\libc_nano.a(libc_a-memcpy-stub.o)
                0x0800d4cc                memcpy
 *(.glue_7)
 .glue_7        0x0800d4e8        0x0 linker stubs
 *(.glue_7t)
 .glue_7t       0x0800d4e8        0x0 linker stubs
 *(.eh_frame)
 .eh_frame      0x0800d4e8        0x0 C:/ST/STM32CubeIDE_1.18.1/STM32CubeIDE/plugins/com.st.stm32cube.ide.mcu.externaltools.gnu-tools-for-stm32.13.3.rel1.win32_1.0.0.202411081344/tools/bin/../lib/gcc/arm-none-eabi/13.3.1/thumb/v7e-m+fp/hard/crtbegin.o
 *(.init)
 .init          0x0800d4e8        0x4 C:/ST/STM32CubeIDE_1.18.1/STM32CubeIDE/plugins/com.st.stm32cube.ide.mcu.externaltools.gnu-tools-for-stm32.13.3.rel1.win32_1.0.0.202411081344/tools/bin/../lib/gcc/arm-none-eabi/13.3.1/thumb/v7e-m+fp/hard/crti.o
                0x0800d4e8                _init
 .init          0x0800d4ec        0x8 C:/ST/STM32CubeIDE_1.18.1/STM32CubeIDE/plugins/com.st.stm32cube.ide.mcu.externaltools.gnu-tools-for-stm32.13.3.rel1.win32_1.0.0.202411081344/tools/bin/../lib/gcc/arm-none-eabi/13.3.1/thumb/v7e-m+fp/hard/crtn.o
 *(.fini)
 .fini          0x0800d4f4        0x4 C:/ST/STM32CubeIDE_1.18.1/STM32CubeIDE/plugins/com.st.stm32cube.ide.mcu.externaltools.gnu-tools-for-stm32.13.3.rel1.win32_1.0.0.202411081344/tools/bin/../lib/gcc/arm-none-eabi/13.3.1/thumb/v7e-m+fp/hard/crti.o
                0x0800d4f4                _fini
 .fini          0x0800d4f8        0x8 C:/ST/STM32CubeIDE_1.18.1/STM32CubeIDE/plugins/com.st.stm32cube.ide.mcu.externaltools.gnu-tools-for-stm32.13.3.rel1.win32_1.0.0.202411081344/tools/bin/../lib/gcc/arm-none-eabi/13.3.1/thumb/v7e-m+fp/hard/crtn.o
                0x0800d500                        . = ALIGN (0x4)
                0x0800d500                        _etext = .

.vfp11_veneer   0x0800d500        0x0
 .vfp11_veneer  0x0800d500        0x0 linker stubs

.v4_bx          0x0800d500        0x0
 .v4_bx         0x0800d500        0x0 linker stubs

.iplt           0x0800d500        0x0
 .iplt          0x0800d500        0x0 C:/ST/STM32CubeIDE_1.18.1/STM32CubeIDE/plugins/com.st.stm32cube.ide.mcu.externaltools.gnu-tools-for-stm32.13.3.rel1.win32_1.0.0.202411081344/tools/bin/../lib/gcc/arm-none-eabi/13.3.1/thumb/v7e-m+fp/hard/crtbegin.o

.rodata         0x0800d500     0x36b8
                0x0800d500                        . = ALIGN (0x4)
 *(.rodata)
 .rodata        0x0800d500      0xd54 ./Core/Src/Si468x.o
 .rodata        0x0800e254      0x4f2 ./Core/Src/display_management.o
 *fill*         0x0800e746        0x2 
 .rodata        0x0800e748      0x3a5 ./Core/Src/eeprom.o
 *fill*         0x0800eaed        0x3 
 .rodata        0x0800eaf0       0xc0 ./Core/Src/main.o
 *(.rodata*)
 .rodata.chars8
                0x0800ebb0      0x2d8 ./Core/Src/ILI9341_Driver.o
 .rodata.chars16
                0x0800ee88      0x5f0 ./Core/Src/ILI9341_Driver.o
 .rodata.patch_full
                0x0800f478     0x16a4 ./Core/Src/Si468x.o
                0x0800f478                patch_full
 .rodata.ant_cap_values
                0x08010b1c       0x52 ./Core/Src/Si468x.o
 *fill*         0x08010b6e        0x2 
 .rodata.AHBPrescTable
                0x08010b70       0x10 ./Core/Src/system_stm32f4xx.o
                0x08010b70                AHBPrescTable
 .rodata.APBPrescTable
                0x08010b80        0x8 ./Core/Src/system_stm32f4xx.o
                0x08010b80                APBPrescTable
 .rodata.flagBitshiftOffset.0
                0x08010b88        0x8 ./Drivers/STM32F4xx_HAL_Driver/Src/stm32f4xx_hal_dma.o
 .rodata.__utoa.str1.1
                0x08010b90       0x25 C:/ST/STM32CubeIDE_1.18.1/STM32CubeIDE/plugins/com.st.stm32cube.ide.mcu.externaltools.gnu-tools-for-stm32.13.3.rel1.win32_1.0.0.202411081344/tools/bin/../lib/gcc/arm-none-eabi/13.3.1/../../../../arm-none-eabi/lib/thumb/v7e-m+fp/hard\libc_nano.a(libc_a-utoa.o)
                0x08010bb8                        . = ALIGN (0x4)
 *fill*         0x08010bb5        0x3 

.ARM.extab      0x08010bb8        0x0
                0x08010bb8                        . = ALIGN (0x4)
 *(.ARM.extab* .gnu.linkonce.armextab.*)
                0x08010bb8                        . = ALIGN (0x4)

.ARM            0x08010bb8        0x8
                0x08010bb8                        . = ALIGN (0x4)
                0x08010bb8                        __exidx_start = .
 *(.ARM.exidx*)
 .ARM.exidx     0x08010bb8        0x8 C:/ST/STM32CubeIDE_1.18.1/STM32CubeIDE/plugins/com.st.stm32cube.ide.mcu.externaltools.gnu-tools-for-stm32.13.3.rel1.win32_1.0.0.202411081344/tools/bin/../lib/gcc/arm-none-eabi/13.3.1/../../../../arm-none-eabi/lib/thumb/v7e-m+fp/hard\libc_nano.a(libc_a-strcmp.o)
 .ARM.exidx     0x08010bc0        0x0 C:/ST/STM32CubeIDE_1.18.1/STM32CubeIDE/plugins/com.st.stm32cube.ide.mcu.externaltools.gnu-tools-for-stm32.13.3.rel1.win32_1.0.0.202411081344/tools/bin/../lib/gcc/arm-none-eabi/13.3.1/../../../../arm-none-eabi/lib/thumb/v7e-m+fp/hard\libc_nano.a(libc_a-strlen.o)
                                  0x8 (size before relaxing)
 .ARM.exidx     0x08010bc0        0x0 C:/ST/STM32CubeIDE_1.18.1/STM32CubeIDE/plugins/com.st.stm32cube.ide.mcu.externaltools.gnu-tools-for-stm32.13.3.rel1.win32_1.0.0.202411081344/tools/bin/../lib/gcc/arm-none-eabi/13.3.1/thumb/v7e-m+fp/hard\libgcc.a(_udivmoddi4.o)
                                  0x8 (size before relaxing)
                0x08010bc0                        __exidx_end = .
                0x08010bc0                        . = ALIGN (0x4)

.rel.dyn        0x08010bc0        0x0
 .rel.iplt      0x08010bc0        0x0 C:/ST/STM32CubeIDE_1.18.1/STM32CubeIDE/plugins/com.st.stm32cube.ide.mcu.externaltools.gnu-tools-for-stm32.13.3.rel1.win32_1.0.0.202411081344/tools/bin/../lib/gcc/arm-none-eabi/13.3.1/thumb/v7e-m+fp/hard/crtbegin.o

.preinit_array  0x08010bc0        0x0
                0x08010bc0                        . = ALIGN (0x4)
                0x08010bc0                        PROVIDE (__preinit_array_start = .)
 *(.preinit_array*)
                0x08010bc0                        PROVIDE (__preinit_array_end = .)
                0x08010bc0                        . = ALIGN (0x4)

.init_array     0x08010bc0        0x4
                0x08010bc0                        . = ALIGN (0x4)
                0x08010bc0                        PROVIDE (__init_array_start = .)
 *(SORT_BY_NAME(.init_array.*))
 *(.init_array*)
 .init_array    0x08010bc0        0x4 C:/ST/STM32CubeIDE_1.18.1/STM32CubeIDE/plugins/com.st.stm32cube.ide.mcu.externaltools.gnu-tools-for-stm32.13.3.rel1.win32_1.0.0.202411081344/tools/bin/../lib/gcc/arm-none-eabi/13.3.1/thumb/v7e-m+fp/hard/crtbegin.o
                0x08010bc4                        PROVIDE (__init_array_end = .)
                0x08010bc4                        . = ALIGN (0x4)

.fini_array     0x08010bc4        0x4
                0x08010bc4                        . = ALIGN (0x4)
                [!provide]                        PROVIDE (__fini_array_start = .)
 *(SORT_BY_NAME(.fini_array.*))
 *(.fini_array*)
 .fini_array    0x08010bc4        0x4 C:/ST/STM32CubeIDE_1.18.1/STM32CubeIDE/plugins/com.st.stm32cube.ide.mcu.externaltools.gnu-tools-for-stm32.13.3.rel1.win32_1.0.0.202411081344/tools/bin/../lib/gcc/arm-none-eabi/13.3.1/thumb/v7e-m+fp/hard/crtbegin.o
                [!provide]                        PROVIDE (__fini_array_end = .)
                0x08010bc8                        . = ALIGN (0x4)
                0x08010bc8                        _sidata = LOADADDR (.data)

.data           0x20000000      0x188 load address 0x08010bc8
                0x20000000                        . = ALIGN (0x4)
                0x20000000                        _sdata = .
 *(.data)
 *(.data*)
 .data.X_SIZE   0x20000000        0x4 ./Core/Src/ILI9341_Driver.o
 .data.Y_SIZE   0x20000004        0x4 ./Core/Src/ILI9341_Driver.o
 .data.dab_channels_names
                0x20000008       0xa4 ./Core/Src/Si468x.o
 .data.dab_channels_names
                0x200000ac       0xa4 ./Core/Src/display_management.o
 .data.playing_state
                0x20000150        0x1 ./Core/Src/state_machine.o
                0x20000150                playing_state
 *fill*         0x20000151        0x3 
 .data.SystemCoreClock
                0x20000154        0x4 ./Core/Src/system_stm32f4xx.o
                0x20000154                SystemCoreClock
 .data.tp_dev   0x20000158       0x24 ./Core/Src/touch.o
                0x20000158                tp_dev
 .data.CMD_RDX  0x2000017c        0x1 ./Core/Src/touch.o
                0x2000017c                CMD_RDX
 .data.CMD_RDY  0x2000017d        0x1 ./Core/Src/touch.o
                0x2000017d                CMD_RDY
 *fill*         0x2000017e        0x2 
 .data.uwTickPrio
                0x20000180        0x4 ./Drivers/STM32F4xx_HAL_Driver/Src/stm32f4xx_hal.o
                0x20000180                uwTickPrio
 .data.uwTickFreq
                0x20000184        0x1 ./Drivers/STM32F4xx_HAL_Driver/Src/stm32f4xx_hal.o
                0x20000184                uwTickFreq
 *(.RamFunc)
 *(.RamFunc*)
                0x20000188                        . = ALIGN (0x4)
 *fill*         0x20000185        0x3 
                0x20000188                        _edata = .
                0x08010d50                        _siccmram = LOADADDR (.ccmram)

.igot.plt       0x20000188        0x0 load address 0x08010d50
 .igot.plt      0x20000188        0x0 C:/ST/STM32CubeIDE_1.18.1/STM32CubeIDE/plugins/com.st.stm32cube.ide.mcu.externaltools.gnu-tools-for-stm32.13.3.rel1.win32_1.0.0.202411081344/tools/bin/../lib/gcc/arm-none-eabi/13.3.1/thumb/v7e-m+fp/hard/crtbegin.o

.ccmram         0x10000000        0x0 load address 0x08010d50
                0x10000000                        . = ALIGN (0x4)
                0x10000000                        _sccmram = .
 *(.ccmram)
 *(.ccmram*)
                0x10000000                        . = ALIGN (0x4)
                0x10000000                        _eccmram = .
                0x10000000                        . = ALIGN (0x4)

.bss            0x20000188     0x7050
                0x20000188                        _sbss = .
                0x20000188                        __bss_start__ = _sbss
 *(.bss)
 .bss           0x20000188       0x1c C:/ST/STM32CubeIDE_1.18.1/STM32CubeIDE/plugins/com.st.stm32cube.ide.mcu.externaltools.gnu-tools-for-stm32.13.3.rel1.win32_1.0.0.202411081344/tools/bin/../lib/gcc/arm-none-eabi/13.3.1/thumb/v7e-m+fp/hard/crtbegin.o
 *(.bss*)
 .bss.hh        0x200001a4        0x1 ./Core/Src/ILI9341_Driver.o
                0x200001a4                hh
 *fill*         0x200001a5        0x3 
 .bss.dab_spi_tx_buffer
                0x200001a8     0x1000 ./Core/Src/Si468x.o
 .bss.dab_spi_rx_buffer
                0x200011a8     0x2328 ./Core/Src/Si468x.o
 .bss.itoa_buffer
                0x200034d0       0x40 ./Core/Src/Si468x.o
 .bss.status    0x20003510        0x1 ./Core/Src/Si468x.o
 *fill*         0x20003511        0x3 
 .bss.freq_table
                0x20003514       0xc0 ./Core/Src/Si468x.o
 .bss.dab_digrad_status
                0x200035d4       0x28 ./Core/Src/Si468x.o
 .bss.rd_reply  0x200035fc        0x4 ./Core/Src/Si468x.o
 .bss.dab_events
                0x20003600        0x6 ./Core/Src/Si468x.o
 *fill*         0x20003606        0x2 
 .bss.time      0x20003608        0x8 ./Core/Src/Si468x.o
 .bss.dab_audio_info
                0x20003610       0x10 ./Core/Src/Si468x.o
 .bss.dab_service_data_reply_header
                0x20003620       0x14 ./Core/Src/Si468x.o
 .bss.ensembles_list
                0x20003634      0x140 ./Core/Src/Si468x.o
 .bss.services_list
                0x20003774     0x1450 ./Core/Src/Si468x.o
 .bss.dab_management
                0x20004bc4       0x10 ./Core/Src/Si468x.o
 .bss.dls_label
                0x20004bd4       0x81 ./Core/Src/Si468x.o
 *fill*         0x20004c55        0x3 
 .bss.slideshow_data
                0x20004c58     0x2134 ./Core/Src/Si468x.o
 .bss.itoa_buffer
                0x20006d8c       0x40 ./Core/Src/display_management.o
 .bss.last_dls  0x20006dcc       0x81 ./Core/Src/display_management.o
                0x20006dcc                last_dls
 *fill*         0x20006e4d        0x3 
 .bss.last_write
                0x20006e50        0x4 ./Core/Src/eeprom.o
 .bss.hi2c1     0x20006e54       0x54 ./Core/Src/i2c.o
                0x20006e54                hi2c1
 .bss.hi2c3     0x20006ea8       0x54 ./Core/Src/i2c.o
                0x20006ea8                hi2c3
 .bss.hspi1     0x20006efc       0x58 ./Core/Src/spi.o
                0x20006efc                hspi1
 .bss.hspi2     0x20006f54       0x58 ./Core/Src/spi.o
                0x20006f54                hspi2
 .bss.hdma_spi2_tx
                0x20006fac       0x60 ./Core/Src/spi.o
                0x20006fac                hdma_spi2_tx
 .bss.system_state
                0x2000700c        0x1 ./Core/Src/state_machine.o
                0x2000700c                system_state
 .bss.state_change_done
                0x2000700d        0x1 ./Core/Src/state_machine.o
                0x2000700d                state_change_done
 *fill*         0x2000700e        0x2 
 .bss.srv_list_start_index
                0x20007010        0x4 ./Core/Src/state_machine.o
                0x20007010                srv_list_start_index
 .bss.touch_coordinates
                0x20007014        0x4 ./Core/Src/state_machine.o
                0x20007014                touch_coordinates
 .bss.dab_digrad_status_to_display
                0x20007018       0x28 ./Core/Src/state_machine.o
                0x20007018                dab_digrad_status_to_display
 .bss.dab_management_to_display
                0x20007040       0x10 ./Core/Src/state_machine.o
                0x20007040                dab_management_to_display
 .bss.services_list_to_display
                0x20007050        0x4 ./Core/Src/state_machine.o
                0x20007050                services_list_to_display
 .bss.ensembles_list_to_display
                0x20007054        0x4 ./Core/Src/state_machine.o
                0x20007054                ensembles_list_to_display
 .bss.dab_audio_info_to_display
                0x20007058       0x10 ./Core/Src/state_machine.o
                0x20007058                dab_audio_info_to_display
 .bss.dls_label_to_display
                0x20007068        0x4 ./Core/Src/state_machine.o
                0x20007068                dls_label_to_display
 .bss.scan_cancel_flag
                0x2000706c        0x1 ./Core/Src/state_machine.o
                0x2000706c                scan_cancel_flag
 .bss.scan_complete_flag
                0x2000706d        0x1 ./Core/Src/state_machine.o
                0x2000706d                scan_complete_flag
 .bss.audio_info_timeout
                0x2000706e        0x2 ./Core/Src/state_machine.o
                0x2000706e                audio_info_timeout
 .bss.htim3     0x20007070       0x48 ./Core/Src/tim.o
                0x20007070                htim3
 .bss.htim10    0x200070b8       0x48 ./Core/Src/tim.o
                0x200070b8                htim10
 .bss.htim11    0x20007100       0x48 ./Core/Src/tim.o
                0x20007100                htim11
 .bss.xtemp     0x20007148        0x2 ./Core/Src/touch.o
                0x20007148                xtemp
 .bss.ytemp     0x2000714a        0x2 ./Core/Src/touch.o
                0x2000714a                ytemp
 .bss.huart5    0x2000714c       0x44 ./Core/Src/usart.o
                0x2000714c                huart5
 .bss.huart3    0x20007190       0x44 ./Core/Src/usart.o
                0x20007190                huart3
 .bss.uwTick    0x200071d4        0x4 ./Drivers/STM32F4xx_HAL_Driver/Src/stm32f4xx_hal.o
                0x200071d4                uwTick
 *(COMMON)
                0x200071d8                        . = ALIGN (0x4)
                0x200071d8                        _ebss = .
                0x200071d8                        __bss_end__ = _ebss

._user_heap_stack
                0x200071d8      0x600
                0x200071d8                        . = ALIGN (0x8)
                [!provide]                        PROVIDE (end = .)
                0x200071d8                        PROVIDE (_end = .)
                0x200073d8                        . = (. + _Min_Heap_Size)
 *fill*         0x200071d8      0x200 
                0x200077d8                        . = (. + _Min_Stack_Size)
 *fill*         0x200073d8      0x400 
                0x200077d8                        . = ALIGN (0x8)

/DISCARD/
 libc.a(*)
 libm.a(*)
 libgcc.a(*)

.ARM.attributes
                0x00000000       0x30
 *(.ARM.attributes)
 .ARM.attributes
                0x00000000       0x22 C:/ST/STM32CubeIDE_1.18.1/STM32CubeIDE/plugins/com.st.stm32cube.ide.mcu.externaltools.gnu-tools-for-stm32.13.3.rel1.win32_1.0.0.202411081344/tools/bin/../lib/gcc/arm-none-eabi/13.3.1/thumb/v7e-m+fp/hard/crti.o
 .ARM.attributes
                0x00000022       0x34 C:/ST/STM32CubeIDE_1.18.1/STM32CubeIDE/plugins/com.st.stm32cube.ide.mcu.externaltools.gnu-tools-for-stm32.13.3.rel1.win32_1.0.0.202411081344/tools/bin/../lib/gcc/arm-none-eabi/13.3.1/thumb/v7e-m+fp/hard/crtbegin.o
 .ARM.attributes
                0x00000056       0x34 ./Core/Src/ILI9341_Driver.o
 .ARM.attributes
                0x0000008a       0x34 ./Core/Src/Si468x.o
 .ARM.attributes
                0x000000be       0x34 ./Core/Src/debug_uart.o
 .ARM.attributes
                0x000000f2       0x34 ./Core/Src/display_management.o
 .ARM.attributes
                0x00000126       0x34 ./Core/Src/dma.o
 .ARM.attributes
                0x0000015a       0x34 ./Core/Src/eeprom.o
 .ARM.attributes
                0x0000018e       0x34 ./Core/Src/gpio.o
 .ARM.attributes
                0x000001c2       0x34 ./Core/Src/i2c.o
 .ARM.attributes
                0x000001f6       0x34 ./Core/Src/main.o
 .ARM.attributes
                0x0000022a       0x34 ./Core/Src/spi.o
 .ARM.attributes
                0x0000025e       0x34 ./Core/Src/state_machine.o
 .ARM.attributes
                0x00000292       0x34 ./Core/Src/stm32f4xx_hal_msp.o
 .ARM.attributes
                0x000002c6       0x34 ./Core/Src/stm32f4xx_it.o
 .ARM.attributes
                0x000002fa       0x34 ./Core/Src/system_stm32f4xx.o
 .ARM.attributes
                0x0000032e       0x34 ./Core/Src/tim.o
 .ARM.attributes
                0x00000362       0x34 ./Core/Src/touch.o
 .ARM.attributes
                0x00000396       0x34 ./Core/Src/usart.o
 .ARM.attributes
                0x000003ca       0x21 ./Core/Startup/startup_stm32f407vgtx.o
 .ARM.attributes
                0x000003eb       0x34 ./Drivers/STM32F4xx_HAL_Driver/Src/stm32f4xx_hal.o
 .ARM.attributes
                0x0000041f       0x34 ./Drivers/STM32F4xx_HAL_Driver/Src/stm32f4xx_hal_cortex.o
 .ARM.attributes
                0x00000453       0x34 ./Drivers/STM32F4xx_HAL_Driver/Src/stm32f4xx_hal_dma.o
 .ARM.attributes
                0x00000487       0x34 ./Drivers/STM32F4xx_HAL_Driver/Src/stm32f4xx_hal_gpio.o
 .ARM.attributes
                0x000004bb       0x34 ./Drivers/STM32F4xx_HAL_Driver/Src/stm32f4xx_hal_i2c.o
 .ARM.attributes
                0x000004ef       0x34 ./Drivers/STM32F4xx_HAL_Driver/Src/stm32f4xx_hal_rcc.o
 .ARM.attributes
                0x00000523       0x34 ./Drivers/STM32F4xx_HAL_Driver/Src/stm32f4xx_hal_spi.o
 .ARM.attributes
                0x00000557       0x34 ./Drivers/STM32F4xx_HAL_Driver/Src/stm32f4xx_hal_tim.o
 .ARM.attributes
                0x0000058b       0x34 ./Drivers/STM32F4xx_HAL_Driver/Src/stm32f4xx_hal_tim_ex.o
 .ARM.attributes
                0x000005bf       0x34 ./Drivers/STM32F4xx_HAL_Driver/Src/stm32f4xx_hal_uart.o
 .ARM.attributes
                0x000005f3       0x34 C:/ST/STM32CubeIDE_1.18.1/STM32CubeIDE/plugins/com.st.stm32cube.ide.mcu.externaltools.gnu-tools-for-stm32.13.3.rel1.win32_1.0.0.202411081344/tools/bin/../lib/gcc/arm-none-eabi/13.3.1/../../../../arm-none-eabi/lib/thumb/v7e-m+fp/hard\libc_nano.a(libc_a-itoa.o)
 .ARM.attributes
                0x00000627       0x34 C:/ST/STM32CubeIDE_1.18.1/STM32CubeIDE/plugins/com.st.stm32cube.ide.mcu.externaltools.gnu-tools-for-stm32.13.3.rel1.win32_1.0.0.202411081344/tools/bin/../lib/gcc/arm-none-eabi/13.3.1/../../../../arm-none-eabi/lib/thumb/v7e-m+fp/hard\libc_nano.a(libc_a-utoa.o)
 .ARM.attributes
                0x0000065b       0x34 C:/ST/STM32CubeIDE_1.18.1/STM32CubeIDE/plugins/com.st.stm32cube.ide.mcu.externaltools.gnu-tools-for-stm32.13.3.rel1.win32_1.0.0.202411081344/tools/bin/../lib/gcc/arm-none-eabi/13.3.1/../../../../arm-none-eabi/lib/thumb/v7e-m+fp/hard\libc_nano.a(libc_a-memset.o)
 .ARM.attributes
                0x0000068f       0x34 C:/ST/STM32CubeIDE_1.18.1/STM32CubeIDE/plugins/com.st.stm32cube.ide.mcu.externaltools.gnu-tools-for-stm32.13.3.rel1.win32_1.0.0.202411081344/tools/bin/../lib/gcc/arm-none-eabi/13.3.1/../../../../arm-none-eabi/lib/thumb/v7e-m+fp/hard\libc_nano.a(libc_a-init.o)
 .ARM.attributes
                0x000006c3       0x20 C:/ST/STM32CubeIDE_1.18.1/STM32CubeIDE/plugins/com.st.stm32cube.ide.mcu.externaltools.gnu-tools-for-stm32.13.3.rel1.win32_1.0.0.202411081344/tools/bin/../lib/gcc/arm-none-eabi/13.3.1/../../../../arm-none-eabi/lib/thumb/v7e-m+fp/hard\libc_nano.a(libc_a-strcmp.o)
 .ARM.attributes
                0x000006e3       0x34 C:/ST/STM32CubeIDE_1.18.1/STM32CubeIDE/plugins/com.st.stm32cube.ide.mcu.externaltools.gnu-tools-for-stm32.13.3.rel1.win32_1.0.0.202411081344/tools/bin/../lib/gcc/arm-none-eabi/13.3.1/../../../../arm-none-eabi/lib/thumb/v7e-m+fp/hard\libc_nano.a(libc_a-memcpy-stub.o)
 .ARM.attributes
                0x00000717       0x17 C:/ST/STM32CubeIDE_1.18.1/STM32CubeIDE/plugins/com.st.stm32cube.ide.mcu.externaltools.gnu-tools-for-stm32.13.3.rel1.win32_1.0.0.202411081344/tools/bin/../lib/gcc/arm-none-eabi/13.3.1/../../../../arm-none-eabi/lib/thumb/v7e-m+fp/hard\libc_nano.a(libc_a-strlen.o)
 .ARM.attributes
                0x0000072e       0x22 C:/ST/STM32CubeIDE_1.18.1/STM32CubeIDE/plugins/com.st.stm32cube.ide.mcu.externaltools.gnu-tools-for-stm32.13.3.rel1.win32_1.0.0.202411081344/tools/bin/../lib/gcc/arm-none-eabi/13.3.1/thumb/v7e-m+fp/hard\libgcc.a(_aeabi_uldivmod.o)
 .ARM.attributes
                0x00000750       0x34 C:/ST/STM32CubeIDE_1.18.1/STM32CubeIDE/plugins/com.st.stm32cube.ide.mcu.externaltools.gnu-tools-for-stm32.13.3.rel1.win32_1.0.0.202411081344/tools/bin/../lib/gcc/arm-none-eabi/13.3.1/thumb/v7e-m+fp/hard\libgcc.a(_udivmoddi4.o)
 .ARM.attributes
                0x00000784       0x22 C:/ST/STM32CubeIDE_1.18.1/STM32CubeIDE/plugins/com.st.stm32cube.ide.mcu.externaltools.gnu-tools-for-stm32.13.3.rel1.win32_1.0.0.202411081344/tools/bin/../lib/gcc/arm-none-eabi/13.3.1/thumb/v7e-m+fp/hard\libgcc.a(_dvmd_tls.o)
 .ARM.attributes
                0x000007a6       0x22 C:/ST/STM32CubeIDE_1.18.1/STM32CubeIDE/plugins/com.st.stm32cube.ide.mcu.externaltools.gnu-tools-for-stm32.13.3.rel1.win32_1.0.0.202411081344/tools/bin/../lib/gcc/arm-none-eabi/13.3.1/thumb/v7e-m+fp/hard/crtn.o
OUTPUT(DAB_STM32_Si468x_Alarming.elf elf32-littlearm)
LOAD linker stubs
LOAD C:/ST/STM32CubeIDE_1.18.1/STM32CubeIDE/plugins/com.st.stm32cube.ide.mcu.externaltools.gnu-tools-for-stm32.13.3.rel1.win32_1.0.0.202411081344/tools/bin/../lib/gcc/arm-none-eabi/13.3.1/../../../../arm-none-eabi/lib/thumb/v7e-m+fp/hard\libc.a
LOAD C:/ST/STM32CubeIDE_1.18.1/STM32CubeIDE/plugins/com.st.stm32cube.ide.mcu.externaltools.gnu-tools-for-stm32.13.3.rel1.win32_1.0.0.202411081344/tools/bin/../lib/gcc/arm-none-eabi/13.3.1/../../../../arm-none-eabi/lib/thumb/v7e-m+fp/hard\libm.a
LOAD C:/ST/STM32CubeIDE_1.18.1/STM32CubeIDE/plugins/com.st.stm32cube.ide.mcu.externaltools.gnu-tools-for-stm32.13.3.rel1.win32_1.0.0.202411081344/tools/bin/../lib/gcc/arm-none-eabi/13.3.1/thumb/v7e-m+fp/hard\libgcc.a

.debug_info     0x00000000    0x182fb
 .debug_info    0x00000000      0xe5e ./Core/Src/ILI9341_Driver.o
 .debug_info    0x00000e5e     0x1bf5 ./Core/Src/Si468x.o
 .debug_info    0x00002a53      0x675 ./Core/Src/debug_uart.o
 .debug_info    0x000030c8      0x863 ./Core/Src/display_management.o
 .debug_info    0x0000392b      0x4ad ./Core/Src/dma.o
 .debug_info    0x00003dd8      0xce9 ./Core/Src/eeprom.o
 .debug_info    0x00004ac1      0x441 ./Core/Src/gpio.o
 .debug_info    0x00004f02      0xc4d ./Core/Src/i2c.o
 .debug_info    0x00005b4f      0xbda ./Core/Src/main.o
 .debug_info    0x00006729      0xc48 ./Core/Src/spi.o
 .debug_info    0x00007371      0x759 ./Core/Src/state_machine.o
 .debug_info    0x00007aca      0x269 ./Core/Src/stm32f4xx_hal_msp.o
 .debug_info    0x00007d33      0xd18 ./Core/Src/stm32f4xx_it.o
 .debug_info    0x00008a4b      0x512 ./Core/Src/system_stm32f4xx.o
 .debug_info    0x00008f5d      0xe90 ./Core/Src/tim.o
 .debug_info    0x00009ded      0x4f8 ./Core/Src/touch.o
 .debug_info    0x0000a2e5      0x973 ./Core/Src/usart.o
 .debug_info    0x0000ac58       0x30 ./Core/Startup/startup_stm32f407vgtx.o
 .debug_info    0x0000ac88      0x948 ./Drivers/STM32F4xx_HAL_Driver/Src/stm32f4xx_hal.o
 .debug_info    0x0000b5d0      0xd46 ./Drivers/STM32F4xx_HAL_Driver/Src/stm32f4xx_hal_cortex.o
 .debug_info    0x0000c316      0x8e7 ./Drivers/STM32F4xx_HAL_Driver/Src/stm32f4xx_hal_dma.o
 .debug_info    0x0000cbfd      0x6c3 ./Drivers/STM32F4xx_HAL_Driver/Src/stm32f4xx_hal_gpio.o
 .debug_info    0x0000d2c0     0x23e1 ./Drivers/STM32F4xx_HAL_Driver/Src/stm32f4xx_hal_i2c.o
 .debug_info    0x0000f6a1      0x8b1 ./Drivers/STM32F4xx_HAL_Driver/Src/stm32f4xx_hal_rcc.o
 .debug_info    0x0000ff52     0x15fb ./Drivers/STM32F4xx_HAL_Driver/Src/stm32f4xx_hal_spi.o
 .debug_info    0x0001154d     0x2948 ./Drivers/STM32F4xx_HAL_Driver/Src/stm32f4xx_hal_tim.o
 .debug_info    0x00013e95     0x14ae ./Drivers/STM32F4xx_HAL_Driver/Src/stm32f4xx_hal_tim_ex.o
 .debug_info    0x00015343     0x2fb8 ./Drivers/STM32F4xx_HAL_Driver/Src/stm32f4xx_hal_uart.o

.debug_abbrev   0x00000000     0x3c9e
 .debug_abbrev  0x00000000      0x2af ./Core/Src/ILI9341_Driver.o
 .debug_abbrev  0x000002af      0x460 ./Core/Src/Si468x.o
 .debug_abbrev  0x0000070f      0x1b0 ./Core/Src/debug_uart.o
 .debug_abbrev  0x000008bf      0x20a ./Core/Src/display_management.o
 .debug_abbrev  0x00000ac9      0x10e ./Core/Src/dma.o
 .debug_abbrev  0x00000bd7      0x2e5 ./Core/Src/eeprom.o
 .debug_abbrev  0x00000ebc      0x152 ./Core/Src/gpio.o
 .debug_abbrev  0x0000100e      0x216 ./Core/Src/i2c.o
 .debug_abbrev  0x00001224      0x291 ./Core/Src/main.o
 .debug_abbrev  0x000014b5      0x22c ./Core/Src/spi.o
 .debug_abbrev  0x000016e1      0x1e2 ./Core/Src/state_machine.o
 .debug_abbrev  0x000018c3       0xd8 ./Core/Src/stm32f4xx_hal_msp.o
 .debug_abbrev  0x0000199b      0x1ed ./Core/Src/stm32f4xx_it.o
 .debug_abbrev  0x00001b88      0x11a ./Core/Src/system_stm32f4xx.o
 .debug_abbrev  0x00001ca2      0x25d ./Core/Src/tim.o
 .debug_abbrev  0x00001eff      0x228 ./Core/Src/touch.o
 .debug_abbrev  0x00002127      0x1ff ./Core/Src/usart.o
 .debug_abbrev  0x00002326       0x24 ./Core/Startup/startup_stm32f407vgtx.o
 .debug_abbrev  0x0000234a      0x213 ./Drivers/STM32F4xx_HAL_Driver/Src/stm32f4xx_hal.o
 .debug_abbrev  0x0000255d      0x327 ./Drivers/STM32F4xx_HAL_Driver/Src/stm32f4xx_hal_cortex.o
 .debug_abbrev  0x00002884      0x264 ./Drivers/STM32F4xx_HAL_Driver/Src/stm32f4xx_hal_dma.o
 .debug_abbrev  0x00002ae8      0x1d4 ./Drivers/STM32F4xx_HAL_Driver/Src/stm32f4xx_hal_gpio.o
 .debug_abbrev  0x00002cbc      0x2ad ./Drivers/STM32F4xx_HAL_Driver/Src/stm32f4xx_hal_i2c.o
 .debug_abbrev  0x00002f69      0x2b6 ./Drivers/STM32F4xx_HAL_Driver/Src/stm32f4xx_hal_rcc.o
 .debug_abbrev  0x0000321f      0x284 ./Drivers/STM32F4xx_HAL_Driver/Src/stm32f4xx_hal_spi.o
 .debug_abbrev  0x000034a3      0x271 ./Drivers/STM32F4xx_HAL_Driver/Src/stm32f4xx_hal_tim.o
 .debug_abbrev  0x00003714      0x27c ./Drivers/STM32F4xx_HAL_Driver/Src/stm32f4xx_hal_tim_ex.o
 .debug_abbrev  0x00003990      0x30e ./Drivers/STM32F4xx_HAL_Driver/Src/stm32f4xx_hal_uart.o

.debug_aranges  0x00000000     0x1560
 .debug_aranges
                0x00000000       0xc0 ./Core/Src/ILI9341_Driver.o
 .debug_aranges
                0x000000c0      0x170 ./Core/Src/Si468x.o
 .debug_aranges
                0x00000230       0x28 ./Core/Src/debug_uart.o
 .debug_aranges
                0x00000258       0x98 ./Core/Src/display_management.o
 .debug_aranges
                0x000002f0       0x20 ./Core/Src/dma.o
 .debug_aranges
                0x00000310       0x60 ./Core/Src/eeprom.o
 .debug_aranges
                0x00000370       0x20 ./Core/Src/gpio.o
 .debug_aranges
                0x00000390       0x38 ./Core/Src/i2c.o
 .debug_aranges
                0x000003c8       0x30 ./Core/Src/main.o
 .debug_aranges
                0x000003f8       0x38 ./Core/Src/spi.o
 .debug_aranges
                0x00000430       0x28 ./Core/Src/state_machine.o
 .debug_aranges
                0x00000458       0x20 ./Core/Src/stm32f4xx_hal_msp.o
 .debug_aranges
                0x00000478       0x98 ./Core/Src/stm32f4xx_it.o
 .debug_aranges
                0x00000510       0x28 ./Core/Src/system_stm32f4xx.o
 .debug_aranges
                0x00000538       0x58 ./Core/Src/tim.o
 .debug_aranges
                0x00000590       0x50 ./Core/Src/touch.o
 .debug_aranges
                0x000005e0       0x38 ./Core/Src/usart.o
 .debug_aranges
                0x00000618       0x28 ./Core/Startup/startup_stm32f407vgtx.o
 .debug_aranges
                0x00000640       0xf0 ./Drivers/STM32F4xx_HAL_Driver/Src/stm32f4xx_hal.o
 .debug_aranges
                0x00000730      0x118 ./Drivers/STM32F4xx_HAL_Driver/Src/stm32f4xx_hal_cortex.o
 .debug_aranges
                0x00000848       0x90 ./Drivers/STM32F4xx_HAL_Driver/Src/stm32f4xx_hal_dma.o
 .debug_aranges
                0x000008d8       0x58 ./Drivers/STM32F4xx_HAL_Driver/Src/stm32f4xx_hal_gpio.o
 .debug_aranges
                0x00000930      0x2a0 ./Drivers/STM32F4xx_HAL_Driver/Src/stm32f4xx_hal_i2c.o
 .debug_aranges
                0x00000bd0       0x88 ./Drivers/STM32F4xx_HAL_Driver/Src/stm32f4xx_hal_rcc.o
 .debug_aranges
                0x00000c58      0x1d0 ./Drivers/STM32F4xx_HAL_Driver/Src/stm32f4xx_hal_spi.o
 .debug_aranges
                0x00000e28      0x3d0 ./Drivers/STM32F4xx_HAL_Driver/Src/stm32f4xx_hal_tim.o
 .debug_aranges
                0x000011f8      0x168 ./Drivers/STM32F4xx_HAL_Driver/Src/stm32f4xx_hal_tim_ex.o
 .debug_aranges
                0x00001360      0x200 ./Drivers/STM32F4xx_HAL_Driver/Src/stm32f4xx_hal_uart.o

.debug_rnglists
                0x00000000     0x10d1
 .debug_rnglists
                0x00000000       0x94 ./Core/Src/ILI9341_Driver.o
 .debug_rnglists
                0x00000094      0x136 ./Core/Src/Si468x.o
 .debug_rnglists
                0x000001ca       0x19 ./Core/Src/debug_uart.o
 .debug_rnglists
                0x000001e3       0x7a ./Core/Src/display_management.o
 .debug_rnglists
                0x0000025d       0x13 ./Core/Src/dma.o
 .debug_rnglists
                0x00000270       0x47 ./Core/Src/eeprom.o
 .debug_rnglists
                0x000002b7       0x14 ./Core/Src/gpio.o
 .debug_rnglists
                0x000002cb       0x27 ./Core/Src/i2c.o
 .debug_rnglists
                0x000002f2       0x20 ./Core/Src/main.o
 .debug_rnglists
                0x00000312       0x26 ./Core/Src/spi.o
 .debug_rnglists
                0x00000338       0x1a ./Core/Src/state_machine.o
 .debug_rnglists
                0x00000352       0x13 ./Core/Src/stm32f4xx_hal_msp.o
 .debug_rnglists
                0x00000365       0x6d ./Core/Src/stm32f4xx_it.o
 .debug_rnglists
                0x000003d2       0x1a ./Core/Src/system_stm32f4xx.o
 .debug_rnglists
                0x000003ec       0x3f ./Core/Src/tim.o
 .debug_rnglists
                0x0000042b       0x3b ./Core/Src/touch.o
 .debug_rnglists
                0x00000466       0x26 ./Core/Src/usart.o
 .debug_rnglists
                0x0000048c       0x19 ./Core/Startup/startup_stm32f407vgtx.o
 .debug_rnglists
                0x000004a5       0xaf ./Drivers/STM32F4xx_HAL_Driver/Src/stm32f4xx_hal.o
 .debug_rnglists
                0x00000554       0xce ./Drivers/STM32F4xx_HAL_Driver/Src/stm32f4xx_hal_cortex.o
 .debug_rnglists
                0x00000622       0x70 ./Drivers/STM32F4xx_HAL_Driver/Src/stm32f4xx_hal_dma.o
 .debug_rnglists
                0x00000692       0x3f ./Drivers/STM32F4xx_HAL_Driver/Src/stm32f4xx_hal_gpio.o
 .debug_rnglists
                0x000006d1      0x235 ./Drivers/STM32F4xx_HAL_Driver/Src/stm32f4xx_hal_i2c.o
 .debug_rnglists
                0x00000906       0x66 ./Drivers/STM32F4xx_HAL_Driver/Src/stm32f4xx_hal_rcc.o
 .debug_rnglists
                0x0000096c      0x16f ./Drivers/STM32F4xx_HAL_Driver/Src/stm32f4xx_hal_spi.o
 .debug_rnglists
                0x00000adb      0x31a ./Drivers/STM32F4xx_HAL_Driver/Src/stm32f4xx_hal_tim.o
 .debug_rnglists
                0x00000df5      0x125 ./Drivers/STM32F4xx_HAL_Driver/Src/stm32f4xx_hal_tim_ex.o
 .debug_rnglists
                0x00000f1a      0x1b7 ./Drivers/STM32F4xx_HAL_Driver/Src/stm32f4xx_hal_uart.o

.debug_macro    0x00000000    0x247d3
 .debug_macro   0x00000000      0x2f0 ./Core/Src/ILI9341_Driver.o
 .debug_macro   0x000002f0      0xad8 ./Core/Src/ILI9341_Driver.o
 .debug_macro   0x00000dc8      0x2a7 ./Core/Src/ILI9341_Driver.o
 .debug_macro   0x0000106f       0x2e ./Core/Src/ILI9341_Driver.o
 .debug_macro   0x0000109d       0x2f ./Core/Src/ILI9341_Driver.o
 .debug_macro   0x000010cc       0x22 ./Core/Src/ILI9341_Driver.o
 .debug_macro   0x000010ee       0x8e ./Core/Src/ILI9341_Driver.o
 .debug_macro   0x0000117c       0x51 ./Core/Src/ILI9341_Driver.o
 .debug_macro   0x000011cd      0x103 ./Core/Src/ILI9341_Driver.o
 .debug_macro   0x000012d0       0x6a ./Core/Src/ILI9341_Driver.o
 .debug_macro   0x0000133a      0x1df ./Core/Src/ILI9341_Driver.o
 .debug_macro   0x00001519       0x1c ./Core/Src/ILI9341_Driver.o
 .debug_macro   0x00001535       0x22 ./Core/Src/ILI9341_Driver.o
 .debug_macro   0x00001557       0xd9 ./Core/Src/ILI9341_Driver.o
 .debug_macro   0x00001630     0x102d ./Core/Src/ILI9341_Driver.o
 .debug_macro   0x0000265d      0x11f ./Core/Src/ILI9341_Driver.o
 .debug_macro   0x0000277c    0x15e82 ./Core/Src/ILI9341_Driver.o
 .debug_macro   0x000185fe       0x6d ./Core/Src/ILI9341_Driver.o
 .debug_macro   0x0001866b     0x367e ./Core/Src/ILI9341_Driver.o
 .debug_macro   0x0001bce9      0x190 ./Core/Src/ILI9341_Driver.o
 .debug_macro   0x0001be79       0x5c ./Core/Src/ILI9341_Driver.o
 .debug_macro   0x0001bed5      0x96b ./Core/Src/ILI9341_Driver.o
 .debug_macro   0x0001c840      0x9fe ./Core/Src/ILI9341_Driver.o
 .debug_macro   0x0001d23e      0x115 ./Core/Src/ILI9341_Driver.o
 .debug_macro   0x0001d353      0x13e ./Core/Src/ILI9341_Driver.o
 .debug_macro   0x0001d491       0xa5 ./Core/Src/ILI9341_Driver.o
 .debug_macro   0x0001d536      0x174 ./Core/Src/ILI9341_Driver.o
 .debug_macro   0x0001d6aa      0x287 ./Core/Src/ILI9341_Driver.o
 .debug_macro   0x0001d931       0x5f ./Core/Src/ILI9341_Driver.o
 .debug_macro   0x0001d990      0x236 ./Core/Src/ILI9341_Driver.o
 .debug_macro   0x0001dbc6      0x12c ./Core/Src/ILI9341_Driver.o
 .debug_macro   0x0001dcf2      0x21e ./Core/Src/ILI9341_Driver.o
 .debug_macro   0x0001df10       0x2e ./Core/Src/ILI9341_Driver.o
 .debug_macro   0x0001df3e      0x1b5 ./Core/Src/ILI9341_Driver.o
 .debug_macro   0x0001e0f3       0xd6 ./Core/Src/ILI9341_Driver.o
 .debug_macro   0x0001e1c9      0x11a ./Core/Src/ILI9341_Driver.o
 .debug_macro   0x0001e2e3       0x7e ./Core/Src/ILI9341_Driver.o
 .debug_macro   0x0001e361       0x89 ./Core/Src/ILI9341_Driver.o
 .debug_macro   0x0001e3ea      0x225 ./Core/Src/ILI9341_Driver.o
 .debug_macro   0x0001e60f      0x8e6 ./Core/Src/ILI9341_Driver.o
 .debug_macro   0x0001eef5       0x47 ./Core/Src/ILI9341_Driver.o
 .debug_macro   0x0001ef3c      0x295 ./Core/Src/ILI9341_Driver.o
 .debug_macro   0x0001f1d1      0x12d ./Core/Src/ILI9341_Driver.o
 .debug_macro   0x0001f2fe       0x2a ./Core/Src/ILI9341_Driver.o
 .debug_macro   0x0001f328       0x61 ./Core/Src/ILI9341_Driver.o
 .debug_macro   0x0001f389       0x43 ./Core/Src/ILI9341_Driver.o
 .debug_macro   0x0001f3cc       0x34 ./Core/Src/ILI9341_Driver.o
 .debug_macro   0x0001f400       0x16 ./Core/Src/ILI9341_Driver.o
 .debug_macro   0x0001f416       0x3c ./Core/Src/ILI9341_Driver.o
 .debug_macro   0x0001f452      0x370 ./Core/Src/ILI9341_Driver.o
 .debug_macro   0x0001f7c2       0x16 ./Core/Src/ILI9341_Driver.o
 .debug_macro   0x0001f7d8       0x4a ./Core/Src/ILI9341_Driver.o
 .debug_macro   0x0001f822       0x34 ./Core/Src/ILI9341_Driver.o
 .debug_macro   0x0001f856       0x10 ./Core/Src/ILI9341_Driver.o
 .debug_macro   0x0001f866       0x58 ./Core/Src/ILI9341_Driver.o
 .debug_macro   0x0001f8be       0x8e ./Core/Src/ILI9341_Driver.o
 .debug_macro   0x0001f94c       0x1c ./Core/Src/ILI9341_Driver.o
 .debug_macro   0x0001f968      0x185 ./Core/Src/ILI9341_Driver.o
 .debug_macro   0x0001faed       0x16 ./Core/Src/ILI9341_Driver.o
 .debug_macro   0x0001fb03       0x29 ./Core/Src/ILI9341_Driver.o
 .debug_macro   0x0001fb2c      0x172 ./Core/Src/ILI9341_Driver.o
 .debug_macro   0x0001fc9e       0xa6 ./Core/Src/ILI9341_Driver.o
 .debug_macro   0x0001fd44      0x3aa ./Core/Src/Si468x.o
 .debug_macro   0x000200ee      0x16c ./Core/Src/Si468x.o
 .debug_macro   0x0002025a       0x82 ./Core/Src/Si468x.o
 .debug_macro   0x000202dc      0x51f ./Core/Src/Si468x.o
 .debug_macro   0x000207fb       0x16 ./Core/Src/Si468x.o
 .debug_macro   0x00020811       0x6a ./Core/Src/Si468x.o
 .debug_macro   0x0002087b      0x19b ./Core/Src/Si468x.o
 .debug_macro   0x00020a16       0x4c ./Core/Src/Si468x.o
 .debug_macro   0x00020a62       0x16 ./Core/Src/Si468x.o
 .debug_macro   0x00020a78       0x20 ./Core/Src/Si468x.o
 .debug_macro   0x00020a98      0x2e2 ./Core/Src/debug_uart.o
 .debug_macro   0x00020d7a       0x10 ./Core/Src/debug_uart.o
 .debug_macro   0x00020d8a      0x33c ./Core/Src/display_management.o
 .debug_macro   0x000210c6      0x20b ./Core/Src/dma.o
 .debug_macro   0x000212d1      0x30e ./Core/Src/eeprom.o
 .debug_macro   0x000215df      0x20b ./Core/Src/gpio.o
 .debug_macro   0x000217ea      0x20b ./Core/Src/i2c.o
 .debug_macro   0x000219f5      0x36f ./Core/Src/main.o
 .debug_macro   0x00021d64       0xac ./Core/Src/main.o
 .debug_macro   0x00021e10      0x20b ./Core/Src/spi.o
 .debug_macro   0x0002201b      0x32f ./Core/Src/state_machine.o
 .debug_macro   0x0002234a      0x201 ./Core/Src/stm32f4xx_hal_msp.o
 .debug_macro   0x0002254b      0x307 ./Core/Src/stm32f4xx_it.o
 .debug_macro   0x00022852      0x1f2 ./Core/Src/system_stm32f4xx.o
 .debug_macro   0x00022a44      0x20b ./Core/Src/tim.o
 .debug_macro   0x00022c4f      0x310 ./Core/Src/touch.o
 .debug_macro   0x00022f5f      0x11c ./Core/Src/touch.o
 .debug_macro   0x0002307b       0x9b ./Core/Src/touch.o
 .debug_macro   0x00023116       0x56 ./Core/Src/touch.o
 .debug_macro   0x0002316c      0x20b ./Core/Src/usart.o
 .debug_macro   0x00023377      0x252 ./Drivers/STM32F4xx_HAL_Driver/Src/stm32f4xx_hal.o
 .debug_macro   0x000235c9      0x1f2 ./Drivers/STM32F4xx_HAL_Driver/Src/stm32f4xx_hal_cortex.o
 .debug_macro   0x000237bb      0x1f8 ./Drivers/STM32F4xx_HAL_Driver/Src/stm32f4xx_hal_dma.o
 .debug_macro   0x000239b3      0x1f8 ./Drivers/STM32F4xx_HAL_Driver/Src/stm32f4xx_hal_gpio.o
 .debug_macro   0x00023bab      0x239 ./Drivers/STM32F4xx_HAL_Driver/Src/stm32f4xx_hal_i2c.o
 .debug_macro   0x00023de4      0x216 ./Drivers/STM32F4xx_HAL_Driver/Src/stm32f4xx_hal_rcc.o
 .debug_macro   0x00023ffa      0x201 ./Drivers/STM32F4xx_HAL_Driver/Src/stm32f4xx_hal_spi.o
 .debug_macro   0x000241fb      0x1f3 ./Drivers/STM32F4xx_HAL_Driver/Src/stm32f4xx_hal_tim.o
 .debug_macro   0x000243ee      0x1f2 ./Drivers/STM32F4xx_HAL_Driver/Src/stm32f4xx_hal_tim_ex.o
 .debug_macro   0x000245e0      0x1f3 ./Drivers/STM32F4xx_HAL_Driver/Src/stm32f4xx_hal_uart.o

.debug_line     0x00000000    0x1dc0e
 .debug_line    0x00000000     0x1078 ./Core/Src/ILI9341_Driver.o
 .debug_line    0x00001078     0x20cb ./Core/Src/Si468x.o
 .debug_line    0x00003143      0x92a ./Core/Src/debug_uart.o
 .debug_line    0x00003a6d     0x1141 ./Core/Src/display_management.o
 .debug_line    0x00004bae      0x78a ./Core/Src/dma.o
 .debug_line    0x00005338      0xd27 ./Core/Src/eeprom.o
 .debug_line    0x0000605f      0x7f5 ./Core/Src/gpio.o
 .debug_line    0x00006854      0x883 ./Core/Src/i2c.o
 .debug_line    0x000070d7      0xa28 ./Core/Src/main.o
 .debug_line    0x00007aff      0x8ad ./Core/Src/spi.o
 .debug_line    0x000083ac      0xfb9 ./Core/Src/state_machine.o
 .debug_line    0x00009365      0x78e ./Core/Src/stm32f4xx_hal_msp.o
 .debug_line    0x00009af3      0xa77 ./Core/Src/stm32f4xx_it.o
 .debug_line    0x0000a56a      0x813 ./Core/Src/system_stm32f4xx.o
 .debug_line    0x0000ad7d      0x908 ./Core/Src/tim.o
 .debug_line    0x0000b685      0xb44 ./Core/Src/touch.o
 .debug_line    0x0000c1c9      0x87a ./Core/Src/usart.o
 .debug_line    0x0000ca43       0x7a ./Core/Startup/startup_stm32f407vgtx.o
 .debug_line    0x0000cabd      0xa80 ./Drivers/STM32F4xx_HAL_Driver/Src/stm32f4xx_hal.o
 .debug_line    0x0000d53d      0xd0b ./Drivers/STM32F4xx_HAL_Driver/Src/stm32f4xx_hal_cortex.o
 .debug_line    0x0000e248      0xfec ./Drivers/STM32F4xx_HAL_Driver/Src/stm32f4xx_hal_dma.o
 .debug_line    0x0000f234      0xbd8 ./Drivers/STM32F4xx_HAL_Driver/Src/stm32f4xx_hal_gpio.o
 .debug_line    0x0000fe0c     0x3a92 ./Drivers/STM32F4xx_HAL_Driver/Src/stm32f4xx_hal_i2c.o
 .debug_line    0x0001389e      0xe77 ./Drivers/STM32F4xx_HAL_Driver/Src/stm32f4xx_hal_rcc.o
 .debug_line    0x00014715     0x1d70 ./Drivers/STM32F4xx_HAL_Driver/Src/stm32f4xx_hal_spi.o
 .debug_line    0x00016485     0x375d ./Drivers/STM32F4xx_HAL_Driver/Src/stm32f4xx_hal_tim.o
 .debug_line    0x00019be2     0x19e1 ./Drivers/STM32F4xx_HAL_Driver/Src/stm32f4xx_hal_tim_ex.o
 .debug_line    0x0001b5c3     0x264b ./Drivers/STM32F4xx_HAL_Driver/Src/stm32f4xx_hal_uart.o

.debug_str      0x00000000    0xd31c6
 .debug_str     0x00000000    0xd31c6 ./Core/Src/ILI9341_Driver.o
                              0xca9a5 (size before relaxing)
 .debug_str     0x000d31c6    0xcde62 ./Core/Src/Si468x.o
 .debug_str     0x000d31c6    0xca3be ./Core/Src/debug_uart.o
 .debug_str     0x000d31c6    0xcad18 ./Core/Src/display_management.o
 .debug_str     0x000d31c6    0xc72dd ./Core/Src/dma.o
 .debug_str     0x000d31c6    0xcaaf1 ./Core/Src/eeprom.o
 .debug_str     0x000d31c6    0xc6e8b ./Core/Src/gpio.o
 .debug_str     0x000d31c6    0xc7901 ./Core/Src/i2c.o
 .debug_str     0x000d31c6    0xcbb2e ./Core/Src/main.o
 .debug_str     0x000d31c6    0xc7887 ./Core/Src/spi.o
 .debug_str     0x000d31c6    0xcb8b1 ./Core/Src/state_machine.o
 .debug_str     0x000d31c6    0xc6dc0 ./Core/Src/stm32f4xx_hal_msp.o
 .debug_str     0x000d31c6    0xcb03f ./Core/Src/stm32f4xx_it.o
 .debug_str     0x000d31c6    0xc6839 ./Core/Src/system_stm32f4xx.o
 .debug_str     0x000d31c6    0xc7ac8 ./Core/Src/tim.o
 .debug_str     0x000d31c6    0xcaeb8 ./Core/Src/touch.o
 .debug_str     0x000d31c6    0xc7335 ./Core/Src/usart.o
 .debug_str     0x000d31c6       0x75 ./Core/Startup/startup_stm32f407vgtx.o
 .debug_str     0x000d31c6    0xc73bd ./Drivers/STM32F4xx_HAL_Driver/Src/stm32f4xx_hal.o
 .debug_str     0x000d31c6    0xc70f0 ./Drivers/STM32F4xx_HAL_Driver/Src/stm32f4xx_hal_cortex.o
 .debug_str     0x000d31c6    0xc6c53 ./Drivers/STM32F4xx_HAL_Driver/Src/stm32f4xx_hal_dma.o
 .debug_str     0x000d31c6    0xc69b4 ./Drivers/STM32F4xx_HAL_Driver/Src/stm32f4xx_hal_gpio.o
 .debug_str     0x000d31c6    0xc7804 ./Drivers/STM32F4xx_HAL_Driver/Src/stm32f4xx_hal_i2c.o
 .debug_str     0x000d31c6    0xc6c6d ./Drivers/STM32F4xx_HAL_Driver/Src/stm32f4xx_hal_rcc.o
 .debug_str     0x000d31c6    0xc70fd ./Drivers/STM32F4xx_HAL_Driver/Src/stm32f4xx_hal_spi.o
 .debug_str     0x000d31c6    0xc7bb3 ./Drivers/STM32F4xx_HAL_Driver/Src/stm32f4xx_hal_tim.o
 .debug_str     0x000d31c6    0xc73cf ./Drivers/STM32F4xx_HAL_Driver/Src/stm32f4xx_hal_tim_ex.o
 .debug_str     0x000d31c6    0xc720c ./Drivers/STM32F4xx_HAL_Driver/Src/stm32f4xx_hal_uart.o

.comment        0x00000000       0x43
 .comment       0x00000000       0x43 ./Core/Src/ILI9341_Driver.o
                                 0x44 (size before relaxing)
 .comment       0x00000043       0x44 ./Core/Src/Si468x.o
 .comment       0x00000043       0x44 ./Core/Src/debug_uart.o
 .comment       0x00000043       0x44 ./Core/Src/display_management.o
 .comment       0x00000043       0x44 ./Core/Src/dma.o
 .comment       0x00000043       0x44 ./Core/Src/eeprom.o
 .comment       0x00000043       0x44 ./Core/Src/gpio.o
 .comment       0x00000043       0x44 ./Core/Src/i2c.o
 .comment       0x00000043       0x44 ./Core/Src/main.o
 .comment       0x00000043       0x44 ./Core/Src/spi.o
 .comment       0x00000043       0x44 ./Core/Src/state_machine.o
 .comment       0x00000043       0x44 ./Core/Src/stm32f4xx_hal_msp.o
 .comment       0x00000043       0x44 ./Core/Src/stm32f4xx_it.o
 .comment       0x00000043       0x44 ./Core/Src/system_stm32f4xx.o
 .comment       0x00000043       0x44 ./Core/Src/tim.o
 .comment       0x00000043       0x44 ./Core/Src/touch.o
 .comment       0x00000043       0x44 ./Core/Src/usart.o