../Core/Src/alarming.c:22:6:Alarming_Init	8	static
../Core/Src/alarming.c:27:6:Alarming_Manage	8	static
../Core/Src/alarming.c:60:6:Alarming_Mode_1_On	8	static
../Core/Src/alarming.c:70:6:Alarming_Mode_2_On	8	static
../Core/Src/alarming.c:80:6:Alarming_Mode_3_On	8	static
../Core/Src/alarming.c:90:6:Alarming_Off	8	static
../Core/Src/alarming.c:100:6:Alarming_Mode_1_Start	40	static
../Core/Src/alarming.c:151:6:Alarming_Mode_1_Stop	8	static
../Core/Src/alarming.c:163:6:Alarming_Mode_2_Handle	4	static
../Core/Src/alarming.c:168:6:Alarming_Mode_3_Handle	4	static
../Core/Src/alarming.c:173:19:Alarming_Get_Status	4	static
