../Core/Src/display_management.c:19:6:Display_clear_screen	16	static
../Core/Src/display_management.c:25:6:Display_booting_screen	8	static
../Core/Src/display_management.c:41:6:Display_main_screen_background	16	static
../Core/Src/display_management.c:80:6:Display_main_screen_data	32	static
../Core/Src/display_management.c:133:6:Display_main_screen_dls	32	static
../Core/Src/display_management.c:150:6:Display_main_screen_empty	16	static
../Core/Src/display_management.c:161:6:Display_main_screen_alarm	16	static
../Core/Src/display_management.c:167:6:Display_stations_list_background	16	static
../Core/Src/display_management.c:203:6:Display_stations_list_data	40	static
../Core/Src/display_management.c:248:6:Display_scanning_screen_background	16	static
../Core/Src/display_management.c:290:6:Display_scanning_screen_data	16	static
../Core/Src/display_management.c:316:6:Display_scanning_screen_complete	16	static
../Core/Src/display_management.c:327:6:Display_dab_digrad_status_background	16	static
../Core/Src/display_management.c:387:6:Display_dab_digrad_status_data	32	static
../Core/Src/display_management.c:502:6:Display_settings_screen_background	16	static
../Core/Src/display_management.c:540:6:Display_settings_screen_data	40	static
../Core/Src/display_management.c:550:6:Display_alarming_screen_background	16	static
../Core/Src/display_management.c:586:6:Display_time	24	static
