../Core/Src/display_management.c:19:6:Display_clear_screen	16	static
../Core/Src/display_management.c:25:6:Display_booting_screen	8	static
../Core/Src/display_management.c:41:6:Display_main_screen_background	16	static
../Core/Src/display_management.c:80:6:Display_main_screen_data	32	static
../Core/Src/display_management.c:133:6:Display_main_screen_dls	32	static
../Core/Src/display_management.c:150:6:Display_main_screen_empty	16	static
../Core/Src/display_management.c:161:6:Display_main_screen_alarm	16	static
../Core/Src/display_management.c:166:6:Display_main_screen_debug	24	static
../Core/Src/display_management.c:171:6:Display_stations_list_background	16	static
../Core/Src/display_management.c:207:6:Display_stations_list_data	40	static
../Core/Src/display_management.c:252:6:Display_scanning_screen_background	16	static
../Core/Src/display_management.c:294:6:Display_scanning_screen_data	16	static
../Core/Src/display_management.c:320:6:Display_scanning_screen_complete	16	static
../Core/Src/display_management.c:331:6:Display_dab_digrad_status_background	16	static
../Core/Src/display_management.c:391:6:Display_dab_digrad_status_data	32	static
../Core/Src/display_management.c:506:6:Display_settings_screen_background	16	static
../Core/Src/display_management.c:547:6:Display_settings_screen_data	40	static
../Core/Src/display_management.c:557:6:Display_alarming_screen_background	16	static
../Core/Src/display_management.c:594:6:Display_time	24	static
