../Core/Src/Si468x.c:60:6:Si468x_dab_init	8	static
../Core/Src/Si468x.c:88:6:Si468x_reset	8	static
../Core/Src/Si468x.c:97:6:Si468x_disable	8	static
../Core/Src/Si468x.c:102:6:Si468x_power_up	8	static
../Core/Src/Si468x.c:128:6:Si468x_load_init	8	static
../Core/Src/Si468x.c:139:6:Si468x_bootloader_load_host	16	static
../Core/Src/Si468x.c:166:6:Si468x_firmware_load_flash	16	static
../Core/Src/Si468x.c:202:6:Si468x_boot	8	static
../Core/Src/Si468x.c:221:6:Si468x_write_single_byte	16	static
../Core/Src/Si468x.c:226:9:Si468x_read_single_byte	16	static
../Core/Src/Si468x.c:233:13:Si468x_wait_for_CTS	24	static
../Core/Src/Si468x.c:253:6:Si468x_write_multiple	24	static
../Core/Src/Si468x.c:264:6:Si468x_read_multiple	32	static
../Core/Src/Si468x.c:278:13:Si468x_write_command	24	static
../Core/Src/Si468x.c:292:13:Si468x_read_reply	16	static
../Core/Src/Si468x.c:301:6:Si468x_get_sys_state	8	static
../Core/Src/Si468x.c:351:6:Si468x_get_part_info	16	static
../Core/Src/Si468x.c:370:6:Si468x_set_property	24	static
../Core/Src/Si468x.c:398:10:Si468x_get_property	16	static
../Core/Src/Si468x.c:418:6:Si468x_dab_get_freq_list	16	static
../Core/Src/Si468x.c:471:6:Si468x_dab_tune_freq	24	static
../Core/Src/Si468x.c:530:6:Si468x_dab_reset_interrupts	8	static
../Core/Src/Si468x.c:548:21:Si468x_dab_digrad_status	24	static
../Core/Src/Si468x.c:573:6:Si468x_dab_get_digital_service_list	48	static
../Core/Src/Si468x.c:679:6:Si468x_dab_start_digital_service	16	static
../Core/Src/Si468x.c:711:9:Si468x_dab_get_ensemble_info	24	static
../Core/Src/Si468x.c:762:9:Si468x_dab_full_scan	120	static
../Core/Src/Si468x.c:965:18:Si468x_dab_get_audio_info	24	static
../Core/Src/Si468x.c:998:14:Si468x_dab_get_event_status	16	static
../Core/Src/Si468x.c:1084:25:Si468x_dab_get_announcement_info	24	static
../Core/Src/Si468x.c:1139:33:Si468x_dab_get_announcement_support_info	40	static
../Core/Src/Si468x.c:1209:6:Si468x_dab_get_component_info	40	static
../Core/Src/Si468x.c:1258:6:Si468x_dab_get_digital_service_data	40	static
../Core/Src/Si468x.c:1485:6:Si468x_dab_test_get_ber_info	48	static
../Core/Src/Si468x.c:1501:6:Si468x_dab_get_time	8	static
../Core/Src/Si468x.c:1539:6:Si468x_set_audio_volume	16	static
../Core/Src/Si468x.c:1549:10:Si468x_test_get_rssi	8	static
../Core/Src/Si468x.c:1568:6:play_station	56	static
../Core/Src/Si468x.c:1592:6:restore_from_eeprom	88	static
../Core/Src/Si468x.c:1791:21:get_digrad_status	24	static
../Core/Src/Si468x.c:1796:16:get_dab_service_list	4	static
../Core/Src/Si468x.c:1801:17:get_dab_ensemble_list	4	static
../Core/Src/Si468x.c:1806:18:get_dab_management	16	static
../Core/Src/Si468x.c:1811:7:get_dls_label	4	static
../Core/Src/Si468x.c:1816:6:calibration	32	static
